#
# There is insufficient memory for the Java Runtime Environment to continue.
# Native memory allocation (mmap) failed to map 65536 bytes. Error detail: Failed to commit metaspace.
# Possible reasons:
#   The system is out of physical RAM or swap space
#   This process is running with CompressedOops enabled, and the Java Heap may be blocking the growth of the native heap
# Possible solutions:
#   Reduce memory load on the system
#   Increase physical memory or swap space
#   Check if swap backing store is full
#   Decrease Java heap size (-Xmx/-Xms)
#   Decrease number of Java threads
#   Decrease Java thread stack sizes (-Xss)
#   Set larger code cache with -XX:ReservedCodeCacheSize=
#   JVM is running with Unscaled Compressed Oops mode in which the Java heap is
#     placed in the first 4GB address space. The Java Heap base address is the
#     maximum limit for the native heap growth. Please use -XX:HeapBaseMinAddress
#     to set the Java Heap base and to place the Java Heap above 4GB virtual address.
# This output file may be truncated or incomplete.
#
#  Out of Memory Error (virtualSpaceNode.cpp:113), pid=19988, tid=20996
#
# JRE version: OpenJDK Runtime Environment Temurin-21.0.10+7 (21.0.10+7) (build 21.0.10+7-LTS)
# Java VM: OpenJDK 64-Bit Server VM Temurin-21.0.10+7 (21.0.10+7-LTS, mixed mode, sharing, tiered, compressed oops, compressed class ptrs, parallel gc, windows-amd64)
# No core dump will be written. Minidumps are not enabled by default on client versions of Windows
#

---------------  S U M M A R Y ------------

Command Line: --add-modules=ALL-SYSTEM --add-opens=java.base/java.util=ALL-UNNAMED --add-opens=java.base/java.lang=ALL-UNNAMED --add-opens=java.base/sun.nio.fs=ALL-UNNAMED -Declipse.application=org.eclipse.jdt.ls.core.id1 -Dosgi.bundles.defaultStartLevel=4 -Declipse.product=org.eclipse.jdt.ls.core.product -Djava.import.generatesMetadataFilesAtProjectRoot=false -DDetectVMInstallationsJob.disabled=true -Dfile.encoding=utf8 -XX:+UseParallelGC -XX:GCTimeRatio=4 -XX:AdaptiveSizePolicyWeight=90 -Dsun.zip.disableMemoryMapping=true -Xmx2G -Xms100m -Xlog:disable -javaagent:c:\Users\Javier\.vscode\extensions\redhat.java-1.55.2026051309-win32-x64\lombok\lombok-1.18.39-4050.jar c:\Users\Javier\.vscode\extensions\redhat.java-1.55.2026051309-win32-x64\server\plugins\org.eclipse.equinox.launcher_1.7.100.v20251111-0406.jar -configuration c:\Users\Javier\AppData\Roaming\Code\User\globalStorage\redhat.java\1.55.2026051309\config_ss_win -data c:\Users\Javier\AppData\Roaming\Code\User\workspaceStorage\1d285cff516233e62114505ffd8a9d31\redhat.java\ss_ws --pipe=\\.\pipe\lsp-cea4514cc114c6ed08bcc63e5d1ca8da-sock

Host: AMD Ryzen 5 4600H with Radeon Graphics         , 12 cores, 7G,  Windows 10 , 64 bit Build 19041 (10.0.19041.5915)
Time: Tue May 19 11:40:47 2026 Hora de verano romance elapsed time: 2.413595 seconds (0d 0h 0m 2s)

---------------  T H R E A D  ---------------

Current thread (0x0000022d8af21570):  JavaThread "main"             [_thread_in_vm, id=20996, stack(0x0000004de1400000,0x0000004de1500000) (1024K)]

Stack: [0x0000004de1400000,0x0000004de1500000]
Native frames: (J=compiled Java code, j=interpreted, Vv=VM code, C=native code)
V  [jvm.dll+0x6d7a39]
V  [jvm.dll+0x8b4b26]
V  [jvm.dll+0x8b70de]
V  [jvm.dll+0x8b77c3]
V  [jvm.dll+0x284346]
V  [jvm.dll+0x8b086e]
V  [jvm.dll+0x679444]
V  [jvm.dll+0x6794aa]
V  [jvm.dll+0x67bca6]
V  [jvm.dll+0x67bb72]
V  [jvm.dll+0x679e1e]
V  [jvm.dll+0x6840c8]
V  [jvm.dll+0x21955e]
V  [jvm.dll+0x219a05]
V  [jvm.dll+0x21a3f8]
V  [jvm.dll+0x20f62e]
V  [jvm.dll+0x5b644f]
V  [jvm.dll+0x22168e]
V  [jvm.dll+0x82e12d]
V  [jvm.dll+0x82f15b]
V  [jvm.dll+0x82f724]
V  [jvm.dll+0x82f3b8]
V  [jvm.dll+0x271c6d]
V  [jvm.dll+0x271eaa]
V  [jvm.dll+0x5d9627]
V  [jvm.dll+0x5dc616]
V  [jvm.dll+0x3e0ae2]
V  [jvm.dll+0x3e019a]
C  0x0000022d95678080

The last pc belongs to invokestatic (printed below).
Java frames: (J=compiled Java code, j=interpreted, Vv=VM code)
j  sun.reflect.generics.parser.SignatureParser.parsePackageNameAndSimpleClassTypeSignature()Lsun/reflect/generics/tree/SimpleClassTypeSignature;+78 java.base@21.0.10
j  sun.reflect.generics.parser.SignatureParser.parseClassTypeSignature()Lsun/reflect/generics/tree/ClassTypeSignature;+54 java.base@21.0.10
j  sun.reflect.generics.parser.SignatureParser.parseFieldTypeSignature(Z)Lsun/reflect/generics/tree/FieldTypeSignature;+41 java.base@21.0.10
j  sun.reflect.generics.parser.SignatureParser.parseFieldTypeSignature()Lsun/reflect/generics/tree/FieldTypeSignature;+2 java.base@21.0.10
j  sun.reflect.generics.parser.SignatureParser.parseTypeSignature()Lsun/reflect/generics/tree/TypeSignature;+126 java.base@21.0.10
j  sun.reflect.generics.parser.SignatureParser.parseTypeSig(Ljava/lang/String;)Lsun/reflect/generics/tree/TypeSignature;+6 java.base@21.0.10
j  sun.reflect.annotation.AnnotationParser.parseSig(Ljava/lang/String;Ljava/lang/Class;)Ljava/lang/Class;+20 java.base@21.0.10
j  sun.reflect.annotation.AnnotationParser.parseAnnotation2(Ljava/nio/ByteBuffer;Ljdk/internal/reflect/ConstantPool;Ljava/lang/Class;Z[Ljava/lang/Class;)Ljava/lang/annotation/Annotation;+27 java.base@21.0.10
j  sun.reflect.annotation.AnnotationParser.parseAnnotations2([BLjdk/internal/reflect/ConstantPool;Ljava/lang/Class;[Ljava/lang/Class;)Ljava/util/Map;+41 java.base@21.0.10
j  sun.reflect.annotation.AnnotationParser.parseAnnotations([BLjdk/internal/reflect/ConstantPool;Ljava/lang/Class;)Ljava/util/Map;+12 java.base@21.0.10
j  java.lang.reflect.Executable.declaredAnnotations()Ljava/util/Map;+62 java.base@21.0.10
j  java.lang.reflect.Executable.declaredAnnotations()Ljava/util/Map;+35 java.base@21.0.10
j  java.lang.reflect.Executable.getAnnotation(Ljava/lang/Class;)Ljava/lang/annotation/Annotation;+7 java.base@21.0.10
j  java.lang.reflect.Method.getAnnotation(Ljava/lang/Class;)Ljava/lang/annotation/Annotation;+2 java.base@21.0.10
j  java.lang.reflect.AnnotatedElement.isAnnotationPresent(Ljava/lang/Class;)Z+2 java.base@21.0.10
j  java.lang.reflect.AccessibleObject.isAnnotationPresent(Ljava/lang/Class;)Z+2 java.base@21.0.10
j  jdk.internal.reflect.Reflection.isCallerSensitive(Ljava/lang/reflect/Method;)Z+18 java.base@21.0.10
j  java.lang.reflect.Method.isCallerSensitive()Z+11 java.base@21.0.10
j  java.lang.reflect.Method.invoke(Ljava/lang/Object;[Ljava/lang/Object;)Ljava/lang/Object;+1 java.base@21.0.10
j  org.eclipse.osgi.internal.framework.EquinoxContainer.<init>(Ljava/util/Map;Lorg/osgi/framework/connect/ModuleConnector;)V+37
j  org.eclipse.osgi.launch.Equinox.<init>(Ljava/util/Map;Lorg/osgi/framework/connect/ModuleConnector;)V+10
j  org.eclipse.osgi.launch.Equinox.<init>(Ljava/util/Map;)V+3
j  org.eclipse.core.runtime.adaptor.EclipseStarter.startup([Ljava/lang/String;Ljava/lang/Runnable;)Lorg/osgi/framework/BundleContext;+28
j  org.eclipse.core.runtime.adaptor.EclipseStarter.run([Ljava/lang/String;Ljava/lang/Runnable;)Ljava/lang/Object;+21
j  java.lang.invoke.DirectMethodHandle$Holder.invokeStatic(Ljava/lang/Object;Ljava/lang/Object;Ljava/lang/Object;)Ljava/lang/Object;+11 java.base@21.0.10
j  java.lang.invoke.LambdaForm$MH+0x0000022da308a800.invoke(Ljava/lang/Object;Ljava/lang/Object;Ljava/lang/Object;Ljava/lang/Object;)Ljava/lang/Object;+54 java.base@21.0.10
j  java.lang.invoke.LambdaForm$MH+0x0000022da3002c00.invokeExact_MT(Ljava/lang/Object;Ljava/lang/Object;Ljava/lang/Object;Ljava/lang/Object;Ljava/lang/Object;)Ljava/lang/Object;+22 java.base@21.0.10
j  jdk.internal.reflect.DirectMethodHandleAccessor.invokeImpl(Ljava/lang/Object;[Ljava/lang/Object;)Ljava/lang/Object;+72 java.base@21.0.10
j  jdk.internal.reflect.DirectMethodHandleAccessor.invoke(Ljava/lang/Object;[Ljava/lang/Object;)Ljava/lang/Object;+23 java.base@21.0.10
j  java.lang.reflect.Method.invoke(Ljava/lang/Object;[Ljava/lang/Object;)Ljava/lang/Object;+102 java.base@21.0.10
j  org.eclipse.equinox.launcher.Main.invokeFramework([Ljava/lang/String;[Ljava/net/URL;)V+155
j  org.eclipse.equinox.launcher.Main.basicRun([Ljava/lang/String;)V+191
j  org.eclipse.equinox.launcher.Main.run([Ljava/lang/String;)I+4
j  org.eclipse.equinox.launcher.Main.main([Ljava/lang/String;)V+10
v  ~StubRoutines::call_stub 0x0000022d9566100d
invokestatic  184 invokestatic  [0x0000022d95677fe0, 0x0000022d956782a8]  712 bytes
[MachCode]
  0x0000022d95677fe0: 4883 ec08 | c5fa 1104 | 24eb 1f48 | 83ec 10c5 | fb11 0424 | eb14 4883 | ec10 4889 | 0424 48c7 
  0x0000022d95678000: 4424 0800 | 0000 00eb | 0150 4c89 | 6dc0 410f | b755 0148 | 8b4d d0c1 | e202 8b5c | d138 c1eb 
  0x0000022d95678020: 1081 e3ff | 0000 0081 | fbb8 0000 | 000f 84b4 | 0000 00bb | b800 0000 | e805 0000 | 00e9 9900 
  0x0000022d95678040: 0000 488b | d348 8d44 | 2408 4c89 | 6dc0 498b | cfc5 f877 | 4989 afb0 | 0300 0049 | 8987 a003 
  0x0000022d95678060: 0000 4883 | ec20 40f6 | c40f 0f84 | 1900 0000 | 4883 ec08 | 48b8 3001 | 3b14 fe7f | 0000 ffd0 
  0x0000022d95678080: 4883 c408 | e90c 0000 | 0048 b830 | 013b 14fe | 7f00 00ff | d048 83c4 | 2049 c787 | a003 0000 
  0x0000022d956780a0: 0000 0000 | 49c7 87b0 | 0300 0000 | 0000 0049 | c787 a803 | 0000 0000 | 0000 c5f8 | 7749 837f 
  0x0000022d956780c0: 0800 0f84 | 0500 0000 | e933 8efe | ff4c 8b6d | c04c 8b75 | c84e 8d74 | f500 c341 | 0fb7 5501 
  0x0000022d956780e0: 488b 4dd0 | c1e2 0248 | 8b5c d140 | 488b 5b08 | 488b 5b08 | 488b 5b18 | 80bb 3101 | 0000 040f 
  0x0000022d95678100: 840d 0000 | 004c 3bbb | 3801 0000 | 0f85 21ff | ffff 488b | 5cd1 408b | 54d1 50c1 | ea1c 49ba 
  0x0000022d95678120: 20e4 c914 | fe7f 0000 | 498b 14d2 | 5248 8b45 | d848 85c0 | 0f84 1200 | 0000 4883 | 4008 0148 
  0x0000022d95678140: 8358 0800 | 4883 c010 | 4889 45d8 | 488b 45d8 | 4885 c00f | 843d 0100 | 0080 78f0 | 0a0f 8533 
  0x0000022d95678160: 0100 0048 | 83c0 084c | 8b68 f841 | 83ed 0041 | 83fd 020f | 8c12 0100 | 004c 8b6b | 0845 0fb7 
  0x0000022d95678180: 6d2e 4c2b | 2841 83ed | 014e 8b6c | ec08 4d85 | ed75 0ef6 | 4008 0175 | 58f0 4883 | 4808 01eb 
  0x0000022d956781a0: 5045 8b6d | 0849 ba00 | 0000 a22d | 0200 004d | 03ea 4d8b | d54c 3368 | 0849 f7c5 | fcff ffff 
  0x0000022d956781c0: 742f 41f6 | c502 7529 | 4883 7808 | 0074 1e48 | 8378 0801 | 7417 4d8b | ea4c 3368 | 0849 f7c5 
  0x0000022d956781e0: fcff ffff | 740b 4883 | 4808 02eb | 044c 8968 | 0848 83c0 | 104c 8b68 | e841 83ed | 0241 83fd 
  0x0000022d95678200: 020f 8c84 | 0000 004c | 8b6b 0845 | 0fb7 6d2e | 4c2b 2841 | 83ed 014e | 8b6c ec08 | 4d85 ed75 
  0x0000022d95678220: 0ef6 4008 | 0175 58f0 | 4883 4808 | 01eb 5045 | 8b6d 0849 | ba00 0000 | a22d 0200 | 004d 03ea 
  0x0000022d95678240: 4d8b d54c | 3368 0849 | f7c5 fcff | ffff 742f | 41f6 c502 | 7529 4883 | 7808 0074 | 1e48 8378 
  0x0000022d95678260: 0801 7417 | 4d8b ea4c | 3368 0849 | f7c5 fcff | ffff 740b | 4883 4808 | 02eb 044c | 8968 0848 
  0x0000022d95678280: 83c0 104c | 8b68 d841 | 83ed 0441 | c1e5 0349 | 03c5 4889 | 45d8 4c8d | 6c24 084c | 896d f0ff 
  0x0000022d956782a0: 6350 660f | 1f44 0000 
[/MachCode]

---------------  P R O C E S S  ---------------

Threads class SMR info:
_java_thread_list=0x0000022de4b033e0, length=11, elements={
0x0000022d8af21570, 0x0000022d8aed1440, 0x0000022d8aed20f0, 0x0000022d8aed5cf0,
0x0000022d8aed69d0, 0x0000022d8aed7430, 0x0000022d8aedc890, 0x0000022de4892e40,
0x0000022de48fdd20, 0x0000022de4ab4560, 0x0000022de4ad9bb0
}

Java Threads: ( => current thread )
=>0x0000022d8af21570 JavaThread "main"                              [_thread_in_vm, id=20996, stack(0x0000004de1400000,0x0000004de1500000) (1024K)]
  0x0000022d8aed1440 JavaThread "Reference Handler"          daemon [_thread_blocked, id=16768, stack(0x0000004de1800000,0x0000004de1900000) (1024K)]
  0x0000022d8aed20f0 JavaThread "Finalizer"                  daemon [_thread_blocked, id=2740, stack(0x0000004de1900000,0x0000004de1a00000) (1024K)]
  0x0000022d8aed5cf0 JavaThread "Signal Dispatcher"          daemon [_thread_blocked, id=7848, stack(0x0000004de1a00000,0x0000004de1b00000) (1024K)]
  0x0000022d8aed69d0 JavaThread "Attach Listener"            daemon [_thread_blocked, id=7868, stack(0x0000004de1b00000,0x0000004de1c00000) (1024K)]
  0x0000022d8aed7430 JavaThread "Service Thread"             daemon [_thread_blocked, id=12444, stack(0x0000004de1c00000,0x0000004de1d00000) (1024K)]
  0x0000022d8aedc890 JavaThread "Monitor Deflation Thread"   daemon [_thread_blocked, id=14068, stack(0x0000004de1d00000,0x0000004de1e00000) (1024K)]
  0x0000022de4892e40 JavaThread "C2 CompilerThread0"         daemon [_thread_blocked, id=22988, stack(0x0000004de1e00000,0x0000004de1f00000) (1024K)]
  0x0000022de48fdd20 JavaThread "C1 CompilerThread0"         daemon [_thread_blocked, id=23880, stack(0x0000004de1f00000,0x0000004de2000000) (1024K)]
  0x0000022de4ab4560 JavaThread "Common-Cleaner"             daemon [_thread_blocked, id=16948, stack(0x0000004de2000000,0x0000004de2100000) (1024K)]
  0x0000022de4ad9bb0 JavaThread "Notification Thread"        daemon [_thread_blocked, id=6192, stack(0x0000004de2100000,0x0000004de2200000) (1024K)]
Total: 11

Other Threads:
  0x0000022d8aec2800 VMThread "VM Thread"                           [id=22808, stack(0x0000004de1700000,0x0000004de1800000) (1024K)] _threads_hazard_ptr=0x0000022de4b033e0
  0x0000022d8adbc060 WatcherThread "VM Periodic Task Thread"        [id=15100, stack(0x0000004de1600000,0x0000004de1700000) (1024K)]
  0x0000022d8af3e470 WorkerThread "GC Thread#0"                     [id=25104, stack(0x0000004de1500000,0x0000004de1600000) (1024K)]
Total: 3

Threads with active compile tasks:
Total: 0

VM state: synchronizing (normal execution)

VM Mutex/Monitor currently owned by a thread:  ([mutex/lock_event])
[0x00007ffe14c8c4e0] Metaspace_lock - owner thread: 0x0000022d8af21570
[0x00007ffe14c8e560] Threads_lock - owner thread: 0x0000022d8aec2800

Heap address: 0x0000000080000000, size: 2048 MB, Compressed Oops mode: 32-bit

CDS archive(s) mapped at: [0x0000022da2000000-0x0000022da2ba0000-0x0000022da2ba0000), size 12189696, SharedBaseAddress: 0x0000022da2000000, ArchiveRelocationMode: 1.
Compressed class space mapped at: 0x0000022da3000000-0x0000022de3000000, reserved size: 1073741824
Narrow klass base: 0x0000022da2000000, Narrow klass shift: 0, Narrow klass range: 0x100000000

GC Precious Log:
 CardTable entry size: 512
 CPUs: 12 total, 12 available
 Memory: 7541M
 Large Page Support: Disabled
 NUMA Support: Disabled
 Compressed Oops: Enabled (32-bit)
 Alignments: Space 512K, Generation 512K, Heap 2M
 Heap Min Capacity: 100M
 Heap Initial Capacity: 100M
 Heap Max Capacity: 2G
 Pre-touch: Disabled
 Parallel Workers: 10

Heap:
 PSYoungGen      total 29696K, used 21006K [0x00000000d5580000, 0x00000000d7680000, 0x0000000100000000)
  eden space 25600K, 82% used [0x00000000d5580000,0x00000000d6a03878,0x00000000d6e80000)
  from space 4096K, 0% used [0x00000000d7280000,0x00000000d7280000,0x00000000d7680000)
  to   space 4096K, 0% used [0x00000000d6e80000,0x00000000d6e80000,0x00000000d7280000)
 ParOldGen       total 68608K, used 0K [0x0000000080000000, 0x0000000084300000, 0x00000000d5580000)
  object space 68608K, 0% used [0x0000000080000000,0x0000000080000000,0x0000000084300000)
 Metaspace       used 3795K, committed 3968K, reserved 1114112K
  class space    used 419K, committed 512K, reserved 1048576K

Card table byte_map: [0x0000022d8a8d0000,0x0000022d8ace0000] _byte_map_base: 0x0000022d8a4d0000

Marking Bits: (ParMarkBitMap*) 0x00007ffe14c93450
 Begin Bits: [0x0000022d9d3e0000, 0x0000022d9f3e0000)
 End Bits:   [0x0000022d9f3e0000, 0x0000022da13e0000)

Polling page: 0x0000022d88d80000

Metaspace:

Usage:
  Non-class:      3.30 MB used.
      Class:    419.44 KB used.
       Both:      3.71 MB used.

Virtual space:
  Non-class space:       64.00 MB reserved,       3.38 MB (  5%) committed,  1 nodes.
      Class space:        1.00 GB reserved,     512.00 KB ( <1%) committed,  1 nodes.
             Both:        1.06 GB reserved,       3.88 MB ( <1%) committed. 

Chunk freelists:
   Non-Class:  11.31 MB
       Class:  15.45 MB
        Both:  26.77 MB

MaxMetaspaceSize: unlimited
CompressedClassSpaceSize: 1.00 GB
Initial GC threshold: 21.00 MB
Current GC threshold: 21.00 MB
CDS: on
 - commit_granule_bytes: 65536.
 - commit_granule_words: 8192.
 - virtual_space_node_default_size: 8388608.
 - enlarge_chunks_in_place: 1.
 - use_allocation_guard: 0.


Internal statistics:

num_allocs_failed_limit: 0.
num_arena_births: 178.
num_arena_deaths: 0.
num_vsnodes_births: 2.
num_vsnodes_deaths: 0.
num_space_committed: 62.
num_space_uncommitted: 0.
num_chunks_returned_to_freelist: 0.
num_chunks_taken_from_freelist: 234.
num_chunk_merges: 0.
num_chunk_splits: 151.
num_chunks_enlarged: 85.
num_inconsistent_stats: 0.

CodeHeap 'non-profiled nmethods': size=120000Kb used=395Kb max_used=395Kb free=119604Kb
 bounds [0x0000022d95c00000, 0x0000022d95e70000, 0x0000022d9d130000]
CodeHeap 'profiled nmethods': size=120000Kb used=1611Kb max_used=1611Kb free=118388Kb
 bounds [0x0000022d8e130000, 0x0000022d8e3a0000, 0x0000022d95660000]
CodeHeap 'non-nmethods': size=5760Kb used=1190Kb max_used=1205Kb free=4570Kb
 bounds [0x0000022d95660000, 0x0000022d958d0000, 0x0000022d95c00000]
CodeCache: size=245760Kb, used=3196Kb, max_used=3211Kb, free=242562Kb
 total_blobs=1460, nmethods=1009, adapters=358, full_count=0
Compilation: enabled, stopped_count=0, restarted_count=0

Compilation events (20 events):
Event: 2.286 Thread 0x0000022de48fdd20 1000   !   3       java.util.WeakHashMap::expungeStaleEntries (139 bytes)
Event: 2.286 Thread 0x0000022de48fdd20 nmethod 1000 0x0000022d8e2bf910 code [0x0000022d8e2bfb20, 0x0000022d8e2c02e8]
Event: 2.286 Thread 0x0000022de48fdd20 1001       3       java.util.WeakHashMap::indexFor (6 bytes)
Event: 2.286 Thread 0x0000022de48fdd20 nmethod 1001 0x0000022d8e2c0690 code [0x0000022d8e2c0820, 0x0000022d8e2c0918]
Event: 2.287 Thread 0x0000022de4892e40 1002       4       java.util.HashMap::getNode (150 bytes)
Event: 2.289 Thread 0x0000022de4892e40 nmethod 1002 0x0000022d95c62690 code [0x0000022d95c62840, 0x0000022d95c62b18]
Event: 2.353 Thread 0x0000022de48fdd20 1003       3       java.lang.ClassLoader::loadClass (7 bytes)
Event: 2.354 Thread 0x0000022de48fdd20 nmethod 1003 0x0000022d8e2c0990 code [0x0000022d8e2c0b40, 0x0000022d8e2c0d18]
Event: 2.354 Thread 0x0000022de48fdd20 1004       3       jdk.internal.ref.CleanerImpl::getCleanerImpl (13 bytes)
Event: 2.354 Thread 0x0000022de48fdd20 nmethod 1004 0x0000022d8e2c0d90 code [0x0000022d8e2c0f40, 0x0000022d8e2c1200]
Event: 2.354 Thread 0x0000022de48fdd20 1005       3       java.lang.ref.Cleaner$1::apply (9 bytes)
Event: 2.354 Thread 0x0000022de48fdd20 nmethod 1005 0x0000022d8e2c1310 code [0x0000022d8e2c14c0, 0x0000022d8e2c1730]
Event: 2.369 Thread 0x0000022de48fdd20 1006       3       java.io.RandomAccessFile::read (8 bytes)
Event: 2.370 Thread 0x0000022de48fdd20 nmethod 1006 0x0000022d8e2c1810 code [0x0000022d8e2c19c0, 0x0000022d8e2c1af8]
Event: 2.370 Thread 0x0000022de48fdd20 1008       3       jdk.internal.misc.Unsafe::putIntUnaligned (79 bytes)
Event: 2.370 Thread 0x0000022de48fdd20 nmethod 1008 0x0000022d8e2c1b90 code [0x0000022d8e2c1d60, 0x0000022d8e2c20f0]
Event: 2.370 Thread 0x0000022de48fdd20 1009       3       jdk.internal.misc.Unsafe::putIntUnaligned (14 bytes)
Event: 2.370 Thread 0x0000022de48fdd20 nmethod 1009 0x0000022d8e2c2210 code [0x0000022d8e2c23c0, 0x0000022d8e2c2600]
Event: 2.370 Thread 0x0000022de48fdd20 1007   !   3       java.io.RandomAccessFile::readBytes (32 bytes)
Event: 2.371 Thread 0x0000022de48fdd20 nmethod 1007 0x0000022d8e2c2710 code [0x0000022d8e2c28e0, 0x0000022d8e2c2b08]

GC Heap History (0 events):
No events

Dll operation events (8 events):
Event: 0.032 Loaded shared library c:\Users\Javier\.vscode\extensions\redhat.java-1.55.2026051309-win32-x64\jre\21.0.10-win32-x86_64\bin\java.dll
Event: 0.389 Loaded shared library c:\Users\Javier\.vscode\extensions\redhat.java-1.55.2026051309-win32-x64\jre\21.0.10-win32-x86_64\bin\zip.dll
Event: 0.700 Loaded shared library C:\Users\Javier\.vscode\extensions\redhat.java-1.55.2026051309-win32-x64\jre\21.0.10-win32-x86_64\bin\instrument.dll
Event: 0.724 Loaded shared library C:\Users\Javier\.vscode\extensions\redhat.java-1.55.2026051309-win32-x64\jre\21.0.10-win32-x86_64\bin\net.dll
Event: 0.730 Loaded shared library C:\Users\Javier\.vscode\extensions\redhat.java-1.55.2026051309-win32-x64\jre\21.0.10-win32-x86_64\bin\nio.dll
Event: 0.737 Loaded shared library C:\Users\Javier\.vscode\extensions\redhat.java-1.55.2026051309-win32-x64\jre\21.0.10-win32-x86_64\bin\zip.dll
Event: 0.773 Loaded shared library C:\Users\Javier\.vscode\extensions\redhat.java-1.55.2026051309-win32-x64\jre\21.0.10-win32-x86_64\bin\jimage.dll
Event: 0.909 Loaded shared library c:\Users\Javier\.vscode\extensions\redhat.java-1.55.2026051309-win32-x64\jre\21.0.10-win32-x86_64\bin\verify.dll

Deoptimization events (20 events):
Event: 2.128 Thread 0x0000022d8af21570 DEOPT PACKING pc=0x0000022d8e24435d sp=0x0000004de14fe930
Event: 2.128 Thread 0x0000022d8af21570 DEOPT UNPACKING pc=0x0000022d956b4242 sp=0x0000004de14fdda8 mode 0
Event: 2.128 Thread 0x0000022d8af21570 DEOPT PACKING pc=0x0000022d8e24435d sp=0x0000004de14fe930
Event: 2.128 Thread 0x0000022d8af21570 DEOPT UNPACKING pc=0x0000022d956b4242 sp=0x0000004de14fdda8 mode 0
Event: 2.128 Thread 0x0000022d8af21570 DEOPT PACKING pc=0x0000022d8e24435d sp=0x0000004de14fe930
Event: 2.128 Thread 0x0000022d8af21570 DEOPT UNPACKING pc=0x0000022d956b4242 sp=0x0000004de14fdda8 mode 0
Event: 2.129 Thread 0x0000022d8af21570 DEOPT PACKING pc=0x0000022d8e24435d sp=0x0000004de14fe930
Event: 2.129 Thread 0x0000022d8af21570 DEOPT UNPACKING pc=0x0000022d956b4242 sp=0x0000004de14fdda8 mode 0
Event: 2.129 Thread 0x0000022d8af21570 DEOPT PACKING pc=0x0000022d8e24435d sp=0x0000004de14fe930
Event: 2.129 Thread 0x0000022d8af21570 DEOPT UNPACKING pc=0x0000022d956b4242 sp=0x0000004de14fdda8 mode 0
Event: 2.130 Thread 0x0000022d8af21570 DEOPT PACKING pc=0x0000022d8e24435d sp=0x0000004de14fe930
Event: 2.130 Thread 0x0000022d8af21570 DEOPT UNPACKING pc=0x0000022d956b4242 sp=0x0000004de14fdda8 mode 0
Event: 2.130 Thread 0x0000022d8af21570 DEOPT PACKING pc=0x0000022d8e24435d sp=0x0000004de14fe930
Event: 2.130 Thread 0x0000022d8af21570 DEOPT UNPACKING pc=0x0000022d956b4242 sp=0x0000004de14fdda8 mode 0
Event: 2.132 Thread 0x0000022d8af21570 DEOPT PACKING pc=0x0000022d8e24435d sp=0x0000004de14fec10
Event: 2.132 Thread 0x0000022d8af21570 DEOPT UNPACKING pc=0x0000022d956b4242 sp=0x0000004de14fe088 mode 0
Event: 2.133 Thread 0x0000022d8af21570 DEOPT PACKING pc=0x0000022d8e24435d sp=0x0000004de14fec10
Event: 2.133 Thread 0x0000022d8af21570 DEOPT UNPACKING pc=0x0000022d956b4242 sp=0x0000004de14fe088 mode 0
Event: 2.133 Thread 0x0000022d8af21570 DEOPT PACKING pc=0x0000022d8e24435d sp=0x0000004de14fec10
Event: 2.133 Thread 0x0000022d8af21570 DEOPT UNPACKING pc=0x0000022d956b4242 sp=0x0000004de14fe088 mode 0

Classes loaded (20 events):
Event: 2.353 Loading class java/security/PrivilegedActionException done
Event: 2.353 Loading class java/util/zip/ZipException
Event: 2.353 Loading class java/util/zip/ZipException done
Event: 2.370 Loading class sun/reflect/generics/parser/SignatureParser
Event: 2.382 Loading class sun/reflect/generics/parser/SignatureParser done
Event: 2.382 Loading class sun/reflect/generics/tree/TypeArgument
Event: 2.382 Loading class sun/reflect/generics/tree/TypeTree
Event: 2.382 Loading class sun/reflect/generics/tree/Tree
Event: 2.382 Loading class sun/reflect/generics/tree/Tree done
Event: 2.382 Loading class sun/reflect/generics/tree/TypeTree done
Event: 2.382 Loading class sun/reflect/generics/tree/TypeArgument done
Event: 2.382 Loading class sun/reflect/generics/tree/SimpleClassTypeSignature
Event: 2.382 Loading class sun/reflect/generics/tree/FieldTypeSignature
Event: 2.382 Loading class sun/reflect/generics/tree/BaseType
Event: 2.382 Loading class sun/reflect/generics/tree/TypeSignature
Event: 2.382 Loading class sun/reflect/generics/tree/ReturnType
Event: 2.382 Loading class sun/reflect/generics/tree/ReturnType done
Event: 2.382 Loading class sun/reflect/generics/tree/TypeSignature done
Event: 2.382 Loading class sun/reflect/generics/tree/BaseType done
Event: 2.382 Loading class sun/reflect/generics/tree/FieldTypeSignature done

Classes unloaded (0 events):
No events

Classes redefined (0 events):
No events

Internal exceptions (20 events):
Event: 0.844 Thread 0x0000022d8af21570 Exception <a 'java/lang/NoSuchMethodError'{0x00000000d59f8d58}: 'int java.lang.invoke.DirectMethodHandle$Holder.invokeSpecial(java.lang.Object, java.lang.Object, java.lang.Object)'> (0x00000000d59f8d58) 
thrown [s\src\hotspot\share\interpreter\linkResolver.cpp, line 773]
Event: 0.847 Thread 0x0000022d8af21570 Exception <a 'java/lang/NoSuchMethodError'{0x00000000d5a04a18}: 'java.lang.Object java.lang.invoke.DirectMethodHandle$Holder.invokeStatic(java.lang.Object, java.lang.Object, int)'> (0x00000000d5a04a18) 
thrown [s\src\hotspot\share\interpreter\linkResolver.cpp, line 773]
Event: 0.850 Thread 0x0000022d8af21570 Exception <a 'java/lang/NoSuchMethodError'{0x00000000d5a09368}: 'void java.lang.invoke.DirectMethodHandle$Holder.invokeStatic(java.lang.Object, java.lang.Object, int, java.lang.Object)'> (0x00000000d5a09368) 
thrown [s\src\hotspot\share\interpreter\linkResolver.cpp, line 773]
Event: 0.851 Thread 0x0000022d8af21570 Exception <a 'java/lang/NoSuchMethodError'{0x00000000d5a0cef8}: 'void java.lang.invoke.DirectMethodHandle$Holder.invokeSpecial(java.lang.Object, java.lang.Object, java.lang.Object, int, java.lang.Object)'> (0x00000000d5a0cef8) 
thrown [s\src\hotspot\share\interpreter\linkResolver.cpp, line 773]
Event: 0.851 Thread 0x0000022d8af21570 Exception <a 'java/lang/NoSuchMethodError'{0x00000000d5a10368}: 'void java.lang.invoke.DelegatingMethodHandle$Holder.delegate(java.lang.Object, java.lang.Object, int, java.lang.Object)'> (0x00000000d5a10368) 
thrown [s\src\hotspot\share\interpreter\linkResolver.cpp, line 773]
Event: 0.955 Thread 0x0000022d8af21570 Exception <a 'java/lang/NoSuchMethodError'{0x00000000d5bd1db8}: 'void java.lang.invoke.DelegatingMethodHandle$Holder.reinvoke_L(java.lang.Object, java.lang.Object, java.lang.Object, int)'> (0x00000000d5bd1db8) 
thrown [s\src\hotspot\share\interpreter\linkResolver.cpp, line 773]
Event: 1.211 Thread 0x0000022d8af21570 Exception <a 'java/lang/NoSuchMethodError'{0x00000000d6060898}: 'void java.lang.invoke.DirectMethodHandle$Holder.invokeVirtual(java.lang.Object, java.lang.Object)'> (0x00000000d6060898) 
thrown [s\src\hotspot\share\interpreter\linkResolver.cpp, line 773]
Event: 1.619 Thread 0x0000022d8af21570 Exception <a 'java/lang/NoSuchMethodError'{0x00000000d6439c00}: 'void java.lang.invoke.DirectMethodHandle$Holder.invokeStatic(java.lang.Object, java.lang.Object)'> (0x00000000d6439c00) 
thrown [s\src\hotspot\share\interpreter\linkResolver.cpp, line 773]
Event: 1.628 Thread 0x0000022d8af21570 Exception <a 'java/lang/ClassNotFoundException'{0x00000000d6461fe0}: sun/net/www/protocol/c/Handler> (0x00000000d6461fe0) 
thrown [s\src\hotspot\share\classfile\systemDictionary.cpp, line 312]
Event: 1.654 Thread 0x0000022d8af21570 Exception <a 'java/io/FileNotFoundException'{0x00000000d64bfbc0}> (0x00000000d64bfbc0) 
thrown [s\src\hotspot\share\prims\jni.cpp, line 520]
Event: 1.655 Thread 0x0000022d8af21570 Exception <a 'java/io/FileNotFoundException'{0x00000000d64c0f78}> (0x00000000d64c0f78) 
thrown [s\src\hotspot\share\prims\jni.cpp, line 520]
Event: 1.655 Thread 0x0000022d8af21570 Exception <a 'java/io/FileNotFoundException'{0x00000000d64c1c88}> (0x00000000d64c1c88) 
thrown [s\src\hotspot\share\prims\jni.cpp, line 520]
Event: 1.655 Thread 0x0000022d8af21570 Exception <a 'java/io/FileNotFoundException'{0x00000000d64c2868}> (0x00000000d64c2868) 
thrown [s\src\hotspot\share\prims\jni.cpp, line 520]
Event: 1.660 Thread 0x0000022d8af21570 Implicit null exception at 0x0000022d95c30d24 to 0x0000022d95c312b8
Event: 1.660 Thread 0x0000022d8af21570 Implicit null exception at 0x0000022d95c31920 to 0x0000022d95c31ea4
Event: 1.666 Thread 0x0000022d8af21570 Exception <a 'java/io/FileNotFoundException'{0x00000000d64fcab8}> (0x00000000d64fcab8) 
thrown [s\src\hotspot\share\prims\jni.cpp, line 520]
Event: 1.703 Thread 0x0000022d8af21570 Exception <a 'java/lang/NoSuchMethodError'{0x00000000d6539210}: 'java.lang.Object java.lang.invoke.DirectMethodHandle$Holder.invokeInterface(java.lang.Object, java.lang.Object)'> (0x00000000d6539210) 
thrown [s\src\hotspot\share\interpreter\linkResolver.cpp, line 773]
Event: 1.711 Thread 0x0000022d8af21570 Exception <a 'java/lang/NoSuchMethodError'{0x00000000d654c7e8}: 'java.lang.Object java.lang.invoke.Invokers$Holder.invokeExact_MT(java.lang.Object, java.lang.Object, java.lang.Object, java.lang.Object, java.lang.Object, java.lang.Object)'> (0x00000000d654c7e8) 
thrown [s\src\hotspot\share\interpreter\linkResolver.cpp, line 773]
Event: 1.718 Thread 0x0000022d8af21570 Exception <a 'java/lang/NoSuchMethodError'{0x00000000d65638c0}: 'int java.lang.invoke.DirectMethodHandle$Holder.invokeStatic(java.lang.Object, java.lang.Object, java.lang.Object, java.lang.Object, java.lang.Object)'> (0x00000000d65638c0) 
thrown [s\src\hotspot\share\interpreter\linkResolver.cpp, line 773]
Event: 1.890 Thread 0x0000022d8af21570 Exception <a 'java/lang/NoSuchMethodError'{0x00000000d65f7f20}: 'java.lang.Object java.lang.invoke.DirectMethodHandle$Holder.invokeInterface(java.lang.Object, java.lang.Object, int)'> (0x00000000d65f7f20) 
thrown [s\src\hotspot\share\interpreter\linkResolver.cpp, line 773]

ZGC Phase Switch (0 events):
No events

VM Operations (10 events):
Event: 0.315 Executing non-safepoint VM operation: HandshakeAllThreads (Deoptimize)
Event: 0.315 Executing non-safepoint VM operation: HandshakeAllThreads (Deoptimize) done
Event: 0.797 Executing non-safepoint VM operation: HandshakeAllThreads (Deoptimize)
Event: 0.797 Executing non-safepoint VM operation: HandshakeAllThreads (Deoptimize) done
Event: 1.590 Executing non-safepoint VM operation: HandshakeAllThreads (Deoptimize)
Event: 1.590 Executing non-safepoint VM operation: HandshakeAllThreads (Deoptimize) done
Event: 1.590 Executing safepoint VM operation: Cleanup
Event: 1.590 Executing safepoint VM operation: Cleanup done
Event: 1.614 Executing non-safepoint VM operation: HandshakeAllThreads (Deoptimize)
Event: 1.615 Executing non-safepoint VM operation: HandshakeAllThreads (Deoptimize) done

Memory protections (0 events):
No events

Nmethod flushes (0 events):
No events

Events (11 events):
Event: 0.152 Thread 0x0000022d8af21570 Thread added: 0x0000022d8af21570
Event: 0.244 Thread 0x0000022d8af21570 Thread added: 0x0000022d8aed1440
Event: 0.244 Thread 0x0000022d8af21570 Thread added: 0x0000022d8aed20f0
Event: 0.245 Thread 0x0000022d8af21570 Thread added: 0x0000022d8aed5cf0
Event: 0.245 Thread 0x0000022d8af21570 Thread added: 0x0000022d8aed69d0
Event: 0.245 Thread 0x0000022d8af21570 Thread added: 0x0000022d8aed7430
Event: 0.246 Thread 0x0000022d8af21570 Thread added: 0x0000022d8aedc890
Event: 0.246 Thread 0x0000022d8af21570 Thread added: 0x0000022de4892e40
Event: 0.256 Thread 0x0000022d8af21570 Thread added: 0x0000022de48fdd20
Event: 0.711 Thread 0x0000022d8af21570 Thread added: 0x0000022de4ab4560
Event: 1.055 Thread 0x0000022d8af21570 Thread added: 0x0000022de4ad9bb0


Dynamic libraries:
0x00007ff76b9d0000 - 0x00007ff76b9de000 	c:\Users\Javier\.vscode\extensions\redhat.java-1.55.2026051309-win32-x64\jre\21.0.10-win32-x86_64\bin\java.exe
0x00007ffed5cd0000 - 0x00007ffed5ec8000 	C:\WINDOWS\SYSTEM32\ntdll.dll
0x00007ffed3ea0000 - 0x00007ffed3f62000 	C:\WINDOWS\System32\KERNEL32.DLL
0x00007ffed37d0000 - 0x00007ffed3ac6000 	C:\WINDOWS\System32\KERNELBASE.dll
0x00007ffed33e0000 - 0x00007ffed34e0000 	C:\WINDOWS\System32\ucrtbase.dll
0x00007ffeadf30000 - 0x00007ffeadf48000 	c:\Users\Javier\.vscode\extensions\redhat.java-1.55.2026051309-win32-x64\jre\21.0.10-win32-x86_64\bin\jli.dll
0x00007ffed3cf0000 - 0x00007ffed3e91000 	C:\WINDOWS\System32\USER32.dll
0x00007ffed3750000 - 0x00007ffed3772000 	C:\WINDOWS\System32\win32u.dll
0x00007ffed47c0000 - 0x00007ffed47eb000 	C:\WINDOWS\System32\GDI32.dll
0x00007ffed3590000 - 0x00007ffed36a9000 	C:\WINDOWS\System32\gdi32full.dll
0x00007ffed36b0000 - 0x00007ffed374d000 	C:\WINDOWS\System32\msvcp_win.dll
0x00007ffeac2b0000 - 0x00007ffeac2ce000 	c:\Users\Javier\.vscode\extensions\redhat.java-1.55.2026051309-win32-x64\jre\21.0.10-win32-x86_64\bin\VCRUNTIME140.dll
0x00007ffebd880000 - 0x00007ffebdb1b000 	C:\WINDOWS\WinSxS\amd64_microsoft.windows.common-controls_6595b64144ccf1df_6.0.19041.6456_none_60b8a6cb71f64256\COMCTL32.dll
0x00007ffed5770000 - 0x00007ffed580e000 	C:\WINDOWS\System32\msvcrt.dll
0x00007ffed54c0000 - 0x00007ffed54ef000 	C:\WINDOWS\System32\IMM32.DLL
0x00007ffeb7920000 - 0x00007ffeb792c000 	c:\Users\Javier\.vscode\extensions\redhat.java-1.55.2026051309-win32-x64\jre\21.0.10-win32-x86_64\bin\vcruntime140_1.dll
0x00007ffe68e10000 - 0x00007ffe68e9d000 	c:\Users\Javier\.vscode\extensions\redhat.java-1.55.2026051309-win32-x64\jre\21.0.10-win32-x86_64\bin\msvcp140.dll
0x00007ffe13fd0000 - 0x00007ffe14d71000 	c:\Users\Javier\.vscode\extensions\redhat.java-1.55.2026051309-win32-x64\jre\21.0.10-win32-x86_64\bin\server\jvm.dll
0x00007ffed58f0000 - 0x00007ffed59a1000 	C:\WINDOWS\System32\ADVAPI32.dll
0x00007ffed4e80000 - 0x00007ffed4f1f000 	C:\WINDOWS\System32\sechost.dll
0x00007ffed5b70000 - 0x00007ffed5c90000 	C:\WINDOWS\System32\RPCRT4.dll
0x00007ffed3b60000 - 0x00007ffed3b87000 	C:\WINDOWS\System32\bcrypt.dll
0x00007ffed5630000 - 0x00007ffed569b000 	C:\WINDOWS\System32\WS2_32.dll
0x00007ffed28f0000 - 0x00007ffed293b000 	C:\WINDOWS\SYSTEM32\POWRPROF.dll
0x00007ffec8920000 - 0x00007ffec8947000 	C:\WINDOWS\SYSTEM32\WINMM.dll
0x00007ffecbab0000 - 0x00007ffecbaba000 	C:\WINDOWS\SYSTEM32\VERSION.dll
0x00007ffed2760000 - 0x00007ffed2772000 	C:\WINDOWS\SYSTEM32\UMPDC.dll
0x00007ffed1090000 - 0x00007ffed10a2000 	C:\WINDOWS\SYSTEM32\kernel.appcore.dll
0x00007ffe9e7f0000 - 0x00007ffe9e7fa000 	c:\Users\Javier\.vscode\extensions\redhat.java-1.55.2026051309-win32-x64\jre\21.0.10-win32-x86_64\bin\jimage.dll
0x00007ffec9c40000 - 0x00007ffec9e41000 	C:\WINDOWS\SYSTEM32\DBGHELP.DLL
0x00007ffeba260000 - 0x00007ffeba294000 	C:\WINDOWS\SYSTEM32\dbgcore.DLL
0x00007ffed3ad0000 - 0x00007ffed3b52000 	C:\WINDOWS\System32\bcryptPrimitives.dll
0x00007ffe9e330000 - 0x00007ffe9e33f000 	c:\Users\Javier\.vscode\extensions\redhat.java-1.55.2026051309-win32-x64\jre\21.0.10-win32-x86_64\bin\instrument.dll
0x00007ffe786e0000 - 0x00007ffe78700000 	c:\Users\Javier\.vscode\extensions\redhat.java-1.55.2026051309-win32-x64\jre\21.0.10-win32-x86_64\bin\java.dll
0x00007ffed4050000 - 0x00007ffed47c0000 	C:\WINDOWS\System32\SHELL32.dll
0x00007ffed1370000 - 0x00007ffed1b15000 	C:\WINDOWS\SYSTEM32\windows.storage.dll
0x00007ffed5050000 - 0x00007ffed53a4000 	C:\WINDOWS\System32\combase.dll
0x00007ffed2d90000 - 0x00007ffed2dbb000 	C:\WINDOWS\SYSTEM32\Wldp.dll
0x00007ffed56a0000 - 0x00007ffed576d000 	C:\WINDOWS\System32\OLEAUT32.dll
0x00007ffed4db0000 - 0x00007ffed4e5d000 	C:\WINDOWS\System32\SHCORE.dll
0x00007ffed5810000 - 0x00007ffed586b000 	C:\WINDOWS\System32\shlwapi.dll
0x00007ffed3290000 - 0x00007ffed32b4000 	C:\WINDOWS\SYSTEM32\profapi.dll
0x00007ffe6a290000 - 0x00007ffe6a2a8000 	c:\Users\Javier\.vscode\extensions\redhat.java-1.55.2026051309-win32-x64\jre\21.0.10-win32-x86_64\bin\zip.dll
0x00007ffe9bf70000 - 0x00007ffe9bf80000 	C:\Users\Javier\.vscode\extensions\redhat.java-1.55.2026051309-win32-x64\jre\21.0.10-win32-x86_64\bin\net.dll
0x00007ffecbda0000 - 0x00007ffecbeaa000 	C:\WINDOWS\SYSTEM32\WINHTTP.dll
0x00007ffed2af0000 - 0x00007ffed2b5a000 	C:\WINDOWS\system32\mswsock.dll
0x00007ffe6a120000 - 0x00007ffe6a136000 	C:\Users\Javier\.vscode\extensions\redhat.java-1.55.2026051309-win32-x64\jre\21.0.10-win32-x86_64\bin\nio.dll
0x00007ffe9a690000 - 0x00007ffe9a6a0000 	c:\Users\Javier\.vscode\extensions\redhat.java-1.55.2026051309-win32-x64\jre\21.0.10-win32-x86_64\bin\verify.dll

JVMTI agents:
c:\Users\Javier\.vscode\extensions\redhat.java-1.55.2026051309-win32-x64\lombok\lombok-1.18.39-4050.jar path:c:\Users\Javier\.vscode\extensions\redhat.java-1.55.2026051309-win32-x64\jre\21.0.10-win32-x86_64\bin\instrument.dll, loaded, initialized, instrumentlib options:none

dbghelp: loaded successfully - version: 4.0.5 - missing functions: none
symbol engine: initialized successfully - sym options: 0x614 - pdb path: .;c:\Users\Javier\.vscode\extensions\redhat.java-1.55.2026051309-win32-x64\jre\21.0.10-win32-x86_64\bin;C:\WINDOWS\SYSTEM32;C:\WINDOWS\WinSxS\amd64_microsoft.windows.common-controls_6595b64144ccf1df_6.0.19041.6456_none_60b8a6cb71f64256;c:\Users\Javier\.vscode\extensions\redhat.java-1.55.2026051309-win32-x64\jre\21.0.10-win32-x86_64\bin\server

VM Arguments:
jvm_args: --add-modules=ALL-SYSTEM --add-opens=java.base/java.util=ALL-UNNAMED --add-opens=java.base/java.lang=ALL-UNNAMED --add-opens=java.base/sun.nio.fs=ALL-UNNAMED -Declipse.application=org.eclipse.jdt.ls.core.id1 -Dosgi.bundles.defaultStartLevel=4 -Declipse.product=org.eclipse.jdt.ls.core.product -Djava.import.generatesMetadataFilesAtProjectRoot=false -DDetectVMInstallationsJob.disabled=true -Dfile.encoding=utf8 -XX:+UseParallelGC -XX:GCTimeRatio=4 -XX:AdaptiveSizePolicyWeight=90 -Dsun.zip.disableMemoryMapping=true -Xmx2G -Xms100m -Xlog:disable -javaagent:c:\Users\Javier\.vscode\extensions\redhat.java-1.55.2026051309-win32-x64\lombok\lombok-1.18.39-4050.jar 
java_command: c:\Users\Javier\.vscode\extensions\redhat.java-1.55.2026051309-win32-x64\server\plugins\org.eclipse.equinox.launcher_1.7.100.v20251111-0406.jar -configuration c:\Users\Javier\AppData\Roaming\Code\User\globalStorage\redhat.java\1.55.2026051309\config_ss_win -data c:\Users\Javier\AppData\Roaming\Code\User\workspaceStorage\1d285cff516233e62114505ffd8a9d31\redhat.java\ss_ws --pipe=\\.\pipe\lsp-cea4514cc114c6ed08bcc63e5d1ca8da-sock
java_class_path (initial): c:\Users\Javier\.vscode\extensions\redhat.java-1.55.2026051309-win32-x64\server\plugins\org.eclipse.equinox.launcher_1.7.100.v20251111-0406.jar
Launcher Type: SUN_STANDARD

[Global flags]
    uintx AdaptiveSizePolicyWeight                 = 90                                        {product} {command line}
     intx CICompilerCount                          = 4                                         {product} {ergonomic}
    uintx GCTimeRatio                              = 4                                         {product} {command line}
   size_t InitialHeapSize                          = 104857600                                 {product} {command line}
   size_t MaxHeapSize                              = 2147483648                                {product} {command line}
   size_t MaxNewSize                               = 715653120                                 {product} {ergonomic}
   size_t MinHeapDeltaBytes                        = 524288                                    {product} {ergonomic}
   size_t MinHeapSize                              = 104857600                                 {product} {command line}
   size_t NewSize                                  = 34603008                                  {product} {ergonomic}
    uintx NonNMethodCodeHeapSize                   = 5839372                                {pd product} {ergonomic}
    uintx NonProfiledCodeHeapSize                  = 122909434                              {pd product} {ergonomic}
   size_t OldSize                                  = 70254592                                  {product} {ergonomic}
    uintx ProfiledCodeHeapSize                     = 122909434                              {pd product} {ergonomic}
    uintx ReservedCodeCacheSize                    = 251658240                              {pd product} {ergonomic}
     bool SegmentedCodeCache                       = true                                      {product} {ergonomic}
   size_t SoftMaxHeapSize                          = 2147483648                             {manageable} {ergonomic}
     bool UseCompressedOops                        = true                           {product lp64_product} {ergonomic}
     bool UseLargePagesIndividualAllocation        = false                                  {pd product} {ergonomic}
     bool UseParallelGC                            = true                                      {product} {command line}

Logging:
Log output configuration:
 #0: stdout all=off uptime,level,tags foldmultilines=false
 #1: stderr all=off uptime,level,tags foldmultilines=false

Release file:
JAVA_VERSION="21.0.10" 
MODULES="java.base java.compiler java.datatransfer java.xml java.prefs java.desktop java.instrument java.logging java.management java.security.sasl java.naming java.rmi java.management.rmi java.net.http java.scripting java.security.jgss java.transaction.xa java.sql java.sql.rowset java.xml.crypto java.se java.smartcardio jdk.accessibility jdk.internal.jvmstat jdk.attach jdk.charsets jdk.internal.opt jdk.zipfs jdk.compiler jdk.crypto.ec jdk.crypto.cryptoki jdk.crypto.mscapi jdk.dynalink jdk.internal.ed jdk.editpad jdk.hotspot.agent jdk.httpserver jdk.internal.le jdk.internal.vm.ci jdk.internal.vm.compiler jdk.internal.vm.compiler.management jdk.jartool jdk.javadoc jdk.jcmd jdk.management jdk.management.agent jdk.jconsole jdk.jdeps jdk.jdwp.agent jdk.jdi jdk.jfr jdk.jshell jdk.jsobject jdk.jstatd jdk.localedata jdk.management.jfr jdk.naming.dns jdk.naming.rmi jdk.net jdk.nio.mapmode jdk.random jdk.sctp jdk.security.auth jdk.security.jgss jdk.unsupported jdk.unsupported.desktop jdk.xml.dom" 

Environment Variables:
PATH=C:\Users\Javier\AppData\Local\Programs\Microsoft VS Code;C:\Users\Javier\Desktop\apache-maven-3.9.15\bin;C:\Program Files\Common Files\Oracle\Java\javapath;C:\Program Files (x86)\Common Files\Oracle\Java\javapath;C:\WINDOWS\system32;C:\WINDOWS;C:\WINDOWS\System32\Wbem;C:\WINDOWS\System32\WindowsPowerShell\v1.0\;C:\WINDOWS\System32\OpenSSH\;C:\Program Files (x86)\NVIDIA Corporation\PhysX\Common;C:\Program Files\dotnet\;C:\Program Files\NVIDIA Corporation\NVIDIA App\NvDLISR;C:\Program Files (x86)\ZeroTier\One\;C:\Users\Javier\scoop\shims;C:\Users\Javier\AppData\Local\Microsoft\WindowsApps;C:\Users\Javier\.dotnet\tools;C:\Users\Javier\AppData\Local\Programs\Microsoft VS Code\bin;C:\Users\Javier\AppData\Local\GitHubDesktop\bin;C:\Users\Javier\AppData\Local\Programs\Antigravity\bin
USERNAME=Javier
OS=Windows_NT
PROCESSOR_IDENTIFIER=AMD64 Family 23 Model 96 Stepping 1, AuthenticAMD
TMP=C:\Users\Javier\AppData\Local\Temp
TEMP=C:\Users\Javier\AppData\Local\Temp




Periodic native trim disabled

---------------  S Y S T E M  ---------------

OS:
 Windows 10 , 64 bit Build 19041 (10.0.19041.5915)
OS uptime: 0 days 1:41 hours

CPU: total 12 (initial active 12) (12 cores per cpu, 2 threads per core) family 23 model 96 stepping 1 microcode 0x0, cx8, cmov, fxsr, ht, mmx, 3dnowpref, sse, sse2, sse3, ssse3, sse4a, sse4.1, sse4.2, popcnt, lzcnt, tsc, tscinvbit, avx, avx2, aes, clmul, bmi1, bmi2, adx, sha, fma, vzeroupper, clflush, clflushopt, rdtscp, rdpid, f16c
Processor Information for processor 0
  Max Mhz: 3000, Current Mhz: 3000, Mhz Limit: 3000
Processor Information for processor 1
  Max Mhz: 3000, Current Mhz: 3000, Mhz Limit: 3000
Processor Information for processor 2
  Max Mhz: 3000, Current Mhz: 3000, Mhz Limit: 3000
Processor Information for processor 3
  Max Mhz: 3000, Current Mhz: 3000, Mhz Limit: 3000
Processor Information for processor 4
  Max Mhz: 3000, Current Mhz: 1400, Mhz Limit: 3000
Processor Information for processor 5
  Max Mhz: 3000, Current Mhz: 1400, Mhz Limit: 3000
Processor Information for processor 6
  Max Mhz: 3000, Current Mhz: 1400, Mhz Limit: 3000
Processor Information for processor 7
  Max Mhz: 3000, Current Mhz: 1400, Mhz Limit: 3000
Processor Information for processor 8
  Max Mhz: 3000, Current Mhz: 3000, Mhz Limit: 3000
Processor Information for processor 9
  Max Mhz: 3000, Current Mhz: 3000, Mhz Limit: 3000
Processor Information for processor 10
  Max Mhz: 3000, Current Mhz: 1400, Mhz Limit: 3000
Processor Information for processor 11
  Max Mhz: 3000, Current Mhz: 1400, Mhz Limit: 3000

Memory: 4k page, system-wide physical 7541M (471M free)
TotalPageFile size 22222M (AvailPageFile size 178M)
current process WorkingSet (physical memory assigned to process): 64M, peak: 64M
current process commit charge ("private bytes"): 235M, peak: 236M

vm_info: OpenJDK 64-Bit Server VM (21.0.10+7-LTS) for windows-amd64 JRE (21.0.10+7-LTS), built on 2026-01-20T00:00:00Z by "admin" with MS VC++ 17.12 (VS2022)

END.
