#
# There is insufficient memory for the Java Runtime Environment to continue.
# Native memory allocation (malloc) failed to allocate 738896 bytes. Error detail: Chunk::new
# Possible reasons:
#   The system is out of physical RAM or swap space
#   This process is running with CompressedOops enabled, and the Java Heap may be blocking the growth of the native heap
# Possible solutions:
#   Reduce memory load on the system
#   Increase physical memory or swap space
#   Check if swap backing store is full
#   Decrease Java heap size (-Xmx/-Xms)
#   Decrease number of Java threads
#   Decrease Java thread stack sizes (-Xss)
#   Set larger code cache with -XX:ReservedCodeCacheSize=
#   JVM is running with Unscaled Compressed Oops mode in which the Java heap is
#     placed in the first 4GB address space. The Java Heap base address is the
#     maximum limit for the native heap growth. Please use -XX:HeapBaseMinAddress
#     to set the Java Heap base and to place the Java Heap above 4GB virtual address.
# This output file may be truncated or incomplete.
#
#  Out of Memory Error (arena.cpp:168), pid=18608, tid=22360
#
# JRE version: OpenJDK Runtime Environment Temurin-21.0.10+7 (21.0.10+7) (build 21.0.10+7-LTS)
# Java VM: OpenJDK 64-Bit Server VM Temurin-21.0.10+7 (21.0.10+7-LTS, mixed mode, sharing, tiered, compressed oops, compressed class ptrs, parallel gc, windows-amd64)
# No core dump will be written. Minidumps are not enabled by default on client versions of Windows
#

---------------  S U M M A R Y ------------

Command Line: --add-modules=ALL-SYSTEM --add-opens=java.base/java.util=ALL-UNNAMED --add-opens=java.base/java.lang=ALL-UNNAMED --add-opens=java.base/sun.nio.fs=ALL-UNNAMED -Declipse.application=org.eclipse.jdt.ls.core.id1 -Dosgi.bundles.defaultStartLevel=4 -Declipse.product=org.eclipse.jdt.ls.core.product -Djava.import.generatesMetadataFilesAtProjectRoot=false -DDetectVMInstallationsJob.disabled=true -Dfile.encoding=utf8 -XX:+UseParallelGC -XX:GCTimeRatio=4 -XX:AdaptiveSizePolicyWeight=90 -Dsun.zip.disableMemoryMapping=true -Xmx2G -Xms100m -Xlog:disable -javaagent:c:\Users\Javier\.vscode\extensions\redhat.java-1.55.2026051309-win32-x64\lombok\lombok-1.18.39-4050.jar -XX:+HeapDumpOnOutOfMemoryError -XX:HeapDumpPath=c:\Users\Javier\AppData\Roaming\Code\User\workspaceStorage\1d285cff516233e62114505ffd8a9d31\redhat.java -Daether.dependencyCollector.impl=bf -XX:+UnlockDiagnosticVMOptions -XX:+AllowArchivingWithJavaAgent -XX:+AutoCreateSharedArchive -XX:SharedArchiveFile=c:\Users\Javier\AppData\Roaming\Code\User\globalStorage\redhat.java\1.55.2026051309\jdtls.jsa c:\Users\Javier\.vscode\extensions\redhat.java-1.55.2026051309-win32-x64\server\plugins\org.eclipse.equinox.launcher_1.7.100.v20251111-0406.jar -configuration c:\Users\Javier\AppData\Roaming\Code\User\globalStorage\redhat.java\1.55.2026051309\config_win -data c:\Users\Javier\AppData\Roaming\Code\User\workspaceStorage\1d285cff516233e62114505ffd8a9d31\redhat.java\jdt_ws --pipe=\\.\pipe\lsp-b6274f762f5874c2609ac38ce5d0b271-sock

Host: AMD Ryzen 5 4600H with Radeon Graphics         , 12 cores, 7G,  Windows 10 , 64 bit Build 19041 (10.0.19041.5915)
Time: Tue May 19 11:39:29 2026 Hora de verano romance elapsed time: 23.994526 seconds (0d 0h 0m 23s)

---------------  T H R E A D  ---------------

Current thread (0x000001a0ecdfa890):  JavaThread "C2 CompilerThread0" daemon [_thread_in_native, id=22360, stack(0x000000881e800000,0x000000881e900000) (1024K)]


Current CompileTask:
C2:23994 9103   !   4       org.codehaus.plexus.interpolation.StringSearchInterpolator::interpolate (692 bytes)

Stack: [0x000000881e800000,0x000000881e900000]
Native frames: (J=compiled Java code, j=interpreted, Vv=VM code, C=native code)
V  [jvm.dll+0x6d7a39]
V  [jvm.dll+0x8b4b26]
V  [jvm.dll+0x8b70de]
V  [jvm.dll+0x8b77c3]
V  [jvm.dll+0x284346]
V  [jvm.dll+0xc66ed]
V  [jvm.dll+0xc6c31]
V  [jvm.dll+0x2fb29e]
V  [jvm.dll+0x5fe884]
V  [jvm.dll+0x255b17]
V  [jvm.dll+0x24df54]
V  [jvm.dll+0x24ba42]
V  [jvm.dll+0x1cb34e]
V  [jvm.dll+0x25b85d]
V  [jvm.dll+0x259dea]
V  [jvm.dll+0x3f857e]
V  [jvm.dll+0x85f59d]
V  [jvm.dll+0x6d626d]
C  [ucrtbase.dll+0x21bb2]
C  [KERNEL32.DLL+0x17374]
C  [ntdll.dll+0x4cc91]


---------------  P R O C E S S  ---------------

Threads class SMR info:
_java_thread_list=0x000001a0f266f330, length=47, elements={
0x000001a0d2d96320, 0x000001a0eba80460, 0x000001a0eba81b70, 0x000001a0eba85510,
0x000001a0eba86230, 0x000001a0eba8b950, 0x000001a0ecdf6790, 0x000001a0ecdfa890,
0x000001a0ecdfd000, 0x000001a0ed010540, 0x000001a0ed11c300, 0x000001a0f25fc420,
0x000001a0f26e4040, 0x000001a0f2611120, 0x000001a0f23856e0, 0x000001a0f2d028a0,
0x000001a0f27a1db0, 0x000001a0f2fac520, 0x000001a0f2d48390, 0x000001a0f2d47670,
0x000001a0f2d47d00, 0x000001a0f2d48a20, 0x000001a0f4856f10, 0x000001a0f4856880,
0x000001a0f485a390, 0x000001a0f48575a0, 0x000001a0f48561f0, 0x000001a0f4857c30,
0x000001a0f485bdd0, 0x000001a0f4855b60, 0x000001a0f485b740, 0x000001a0f485b0b0,
0x000001a0f4859d00, 0x000001a0f48582c0, 0x000001a0f48554d0, 0x000001a0f4854e40,
0x000001a0f4858950, 0x000001a0f4858fe0, 0x000001a0f4859670, 0x000001a0f485aa20,
0x000001a0f485c460, 0x000001a0f4906aa0, 0x000001a0f4909890, 0x000001a0f4907130,
0x000001a0f490b960, 0x000001a0f49084e0, 0x000001a0f49077c0
}

Java Threads: ( => current thread )
  0x000001a0d2d96320 JavaThread "main"                              [_thread_blocked, id=25372, stack(0x000000881de00000,0x000000881df00000) (1024K)]
  0x000001a0eba80460 JavaThread "Reference Handler"          daemon [_thread_blocked, id=18352, stack(0x000000881e200000,0x000000881e300000) (1024K)]
  0x000001a0eba81b70 JavaThread "Finalizer"                  daemon [_thread_blocked, id=22752, stack(0x000000881e300000,0x000000881e400000) (1024K)]
  0x000001a0eba85510 JavaThread "Signal Dispatcher"          daemon [_thread_blocked, id=12948, stack(0x000000881e400000,0x000000881e500000) (1024K)]
  0x000001a0eba86230 JavaThread "Attach Listener"            daemon [_thread_blocked, id=21636, stack(0x000000881e500000,0x000000881e600000) (1024K)]
  0x000001a0eba8b950 JavaThread "Service Thread"             daemon [_thread_blocked, id=25340, stack(0x000000881e600000,0x000000881e700000) (1024K)]
  0x000001a0ecdf6790 JavaThread "Monitor Deflation Thread"   daemon [_thread_blocked, id=13528, stack(0x000000881e700000,0x000000881e800000) (1024K)]
=>0x000001a0ecdfa890 JavaThread "C2 CompilerThread0"         daemon [_thread_in_native, id=22360, stack(0x000000881e800000,0x000000881e900000) (1024K)]
  0x000001a0ecdfd000 JavaThread "C1 CompilerThread0"         daemon [_thread_blocked, id=16368, stack(0x000000881e900000,0x000000881ea00000) (1024K)]
  0x000001a0ed010540 JavaThread "Common-Cleaner"             daemon [_thread_blocked, id=16008, stack(0x000000881ea00000,0x000000881eb00000) (1024K)]
  0x000001a0ed11c300 JavaThread "Notification Thread"        daemon [_thread_blocked, id=13472, stack(0x000000881eb00000,0x000000881ec00000) (1024K)]
  0x000001a0f25fc420 JavaThread "Active Thread: Equinox Container: a16dadcf-9214-4d3f-8ae7-0925ea237a04"        [_thread_blocked, id=24564, stack(0x000000881f300000,0x000000881f400000) (1024K)]
  0x000001a0f26e4040 JavaThread "Refresh Thread: Equinox Container: a16dadcf-9214-4d3f-8ae7-0925ea237a04" daemon [_thread_blocked, id=16920, stack(0x000000881f400000,0x000000881f500000) (1024K)]
  0x000001a0f2611120 JavaThread "Framework Event Dispatcher: Equinox Container: a16dadcf-9214-4d3f-8ae7-0925ea237a04" daemon [_thread_blocked, id=2444, stack(0x000000881f500000,0x000000881f600000) (1024K)]
  0x000001a0f23856e0 JavaThread "Start Level: Equinox Container: a16dadcf-9214-4d3f-8ae7-0925ea237a04" daemon [_thread_blocked, id=18184, stack(0x000000881f600000,0x000000881f700000) (1024K)]
  0x000001a0f2d028a0 JavaThread "Bundle File Closer"         daemon [_thread_blocked, id=7004, stack(0x000000881f900000,0x000000881fa00000) (1024K)]
  0x000001a0f27a1db0 JavaThread "SCR Component Actor"        daemon [_thread_blocked, id=25976, stack(0x000000881fa00000,0x000000881fb00000) (1024K)]
  0x000001a0f2fac520 JavaThread "Worker-JM"                         [_thread_blocked, id=26416, stack(0x000000881fb00000,0x000000881fc00000) (1024K)]
  0x000001a0f2d48390 JavaThread "Worker-0"                          [_thread_blocked, id=7400, stack(0x000000881fc00000,0x000000881fd00000) (1024K)]
  0x000001a0f2d47670 JavaThread "Worker-1"                          [_thread_blocked, id=24724, stack(0x000000881fd00000,0x000000881fe00000) (1024K)]
  0x000001a0f2d47d00 JavaThread "Java indexing"              daemon [_thread_blocked, id=5668, stack(0x000000881fe00000,0x000000881ff00000) (1024K)]
  0x000001a0f2d48a20 JavaThread "Worker-2"                          [_thread_blocked, id=5660, stack(0x000000881ff00000,0x0000008820000000) (1024K)]
  0x000001a0f4856f10 JavaThread "JNA Cleaner"                daemon [_thread_blocked, id=17620, stack(0x0000008820000000,0x0000008820100000) (1024K)]
  0x000001a0f4856880 JavaThread "Worker-3"                          [_thread_blocked, id=15960, stack(0x0000008820200000,0x0000008820300000) (1024K)]
  0x000001a0f485a390 JavaThread "Worker-4"                          [_thread_blocked, id=25012, stack(0x0000008820400000,0x0000008820500000) (1024K)]
  0x000001a0f48575a0 JavaThread "Worker-5: Initialize Workspace"        [_thread_blocked, id=25636, stack(0x0000008820500000,0x0000008820600000) (1024K)]
  0x000001a0f48561f0 JavaThread "Thread-1"                   daemon [_thread_in_native, id=2440, stack(0x0000008820600000,0x0000008820700000) (1024K)]
  0x000001a0f4857c30 JavaThread "Thread-2"                   daemon [_thread_in_native, id=25304, stack(0x0000008820700000,0x0000008820800000) (1024K)]
  0x000001a0f485bdd0 JavaThread "Thread-3"                   daemon [_thread_in_native, id=18712, stack(0x0000008820800000,0x0000008820900000) (1024K)]
  0x000001a0f4855b60 JavaThread "Thread-4"                   daemon [_thread_in_native, id=18532, stack(0x0000008820900000,0x0000008820a00000) (1024K)]
  0x000001a0f485b740 JavaThread "Thread-5"                   daemon [_thread_in_native, id=15684, stack(0x0000008820a00000,0x0000008820b00000) (1024K)]
  0x000001a0f485b0b0 JavaThread "Thread-6"                   daemon [_thread_in_native, id=16612, stack(0x0000008820b00000,0x0000008820c00000) (1024K)]
  0x000001a0f4859d00 JavaThread "Thread-7"                   daemon [_thread_in_native, id=22368, stack(0x0000008820c00000,0x0000008820d00000) (1024K)]
  0x000001a0f48582c0 JavaThread "Thread-8"                   daemon [_thread_in_native, id=24800, stack(0x0000008820d00000,0x0000008820e00000) (1024K)]
  0x000001a0f48554d0 JavaThread "Thread-9"                   daemon [_thread_in_native, id=1940, stack(0x0000008820e00000,0x0000008820f00000) (1024K)]
  0x000001a0f4854e40 JavaThread "Thread-10"                  daemon [_thread_in_native, id=2740, stack(0x0000008820f00000,0x0000008821000000) (1024K)]
  0x000001a0f4858950 JavaThread "Thread-11"                  daemon [_thread_in_native, id=4396, stack(0x0000008821000000,0x0000008821100000) (1024K)]
  0x000001a0f4858fe0 JavaThread "Thread-12"                  daemon [_thread_in_native, id=9844, stack(0x0000008821100000,0x0000008821200000) (1024K)]
  0x000001a0f4859670 JavaThread "Thread-13"                  daemon [_thread_in_native, id=21364, stack(0x0000008821200000,0x0000008821300000) (1024K)]
  0x000001a0f485aa20 JavaThread "pool-2-thread-1"                   [_thread_blocked, id=22720, stack(0x0000008821300000,0x0000008821400000) (1024K)]
  0x000001a0f485c460 JavaThread "WorkspaceEventsHandler"            [_thread_blocked, id=26172, stack(0x0000008821500000,0x0000008821600000) (1024K)]
  0x000001a0f4906aa0 JavaThread "pool-1-thread-1"                   [_thread_blocked, id=8096, stack(0x0000008821600000,0x0000008821700000) (1024K)]
  0x000001a0f4909890 JavaThread "ProjectImportProgressReporter" daemon [_thread_blocked, id=17948, stack(0x0000008821700000,0x0000008821800000) (1024K)]
  0x000001a0f4907130 JavaThread "ParallelDescriptorResolver-1-0" daemon [_thread_blocked, id=3228, stack(0x0000008821800000,0x0000008821900000) (1024K)]
  0x000001a0f490b960 JavaThread "ParallelDescriptorResolver-1-1" daemon [_thread_in_native, id=25272, stack(0x0000008821900000,0x0000008821a00000) (1024K)]
  0x000001a0f49084e0 JavaThread "ParallelDescriptorResolver-1-2" daemon [_thread_blocked, id=20376, stack(0x0000008821a00000,0x0000008821b00000) (1024K)]
  0x000001a0f49077c0 JavaThread "ParallelDescriptorResolver-1-3" daemon [_thread_blocked, id=25520, stack(0x0000008821b00000,0x0000008821c00000) (1024K)]
Total: 47

Other Threads:
  0x000001a0d2e5eb40 VMThread "VM Thread"                           [id=23620, stack(0x000000881e100000,0x000000881e200000) (1024K)]
  0x000001a0eb96c200 WatcherThread "VM Periodic Task Thread"        [id=15568, stack(0x000000881e000000,0x000000881e100000) (1024K)]
  0x000001a0d4ff5dc0 WorkerThread "GC Thread#0"                     [id=25560, stack(0x000000881df00000,0x000000881e000000) (1024K)]
  0x000001a0f25beb00 WorkerThread "GC Thread#1"                     [id=9476, stack(0x000000881ec00000,0x000000881ed00000) (1024K)]
  0x000001a0f249ab20 WorkerThread "GC Thread#2"                     [id=17652, stack(0x000000881ed00000,0x000000881ee00000) (1024K)]
  0x000001a0f24c4ff0 WorkerThread "GC Thread#3"                     [id=14552, stack(0x000000881ee00000,0x000000881ef00000) (1024K)]
  0x000001a0f24c53a0 WorkerThread "GC Thread#4"                     [id=21332, stack(0x000000881ef00000,0x000000881f000000) (1024K)]
  0x000001a0f24c5750 WorkerThread "GC Thread#5"                     [id=18440, stack(0x000000881f000000,0x000000881f100000) (1024K)]
  0x000001a0f24c6310 WorkerThread "GC Thread#6"                     [id=10272, stack(0x000000881f100000,0x000000881f200000) (1024K)]
  0x000001a0f26e27d0 WorkerThread "GC Thread#7"                     [id=16044, stack(0x000000881f200000,0x000000881f300000) (1024K)]
  0x000001a0f26abd30 WorkerThread "GC Thread#8"                     [id=21272, stack(0x000000881f700000,0x000000881f800000) (1024K)]
  0x000001a0f2c5a710 WorkerThread "GC Thread#9"                     [id=11716, stack(0x000000881f800000,0x000000881f900000) (1024K)]
Total: 12

Threads with active compile tasks:
C2 CompilerThread0  24028 9103   !   4       org.codehaus.plexus.interpolation.StringSearchInterpolator::interpolate (692 bytes)
Total: 1

VM state: not at safepoint (normal execution)

VM Mutex/Monitor currently owned by a thread: None

Heap address: 0x0000000080000000, size: 2048 MB, Compressed Oops mode: 32-bit

CDS archive(s) mapped at: [0x000001a080000000-0x000001a080ba0000-0x000001a080ba0000), size 12189696, SharedBaseAddress: 0x000001a080000000, ArchiveRelocationMode: 1.
Compressed class space mapped at: 0x000001a081000000-0x000001a0c1000000, reserved size: 1073741824
Narrow klass base: 0x000001a080000000, Narrow klass shift: 0, Narrow klass range: 0x100000000

GC Precious Log:
 CardTable entry size: 512
 CPUs: 12 total, 12 available
 Memory: 7541M
 Large Page Support: Disabled
 NUMA Support: Disabled
 Compressed Oops: Enabled (32-bit)
 Alignments: Space 512K, Generation 512K, Heap 2M
 Heap Min Capacity: 100M
 Heap Initial Capacity: 100M
 Heap Max Capacity: 2G
 Pre-touch: Disabled
 Parallel Workers: 10

Heap:
 PSYoungGen      total 23552K, used 8141K [0x00000000d5580000, 0x00000000d7400000, 0x0000000100000000)
  eden space 22016K, 30% used [0x00000000d5580000,0x00000000d5bf74c0,0x00000000d6b00000)
  from space 1536K, 98% used [0x00000000d6b00000,0x00000000d6c7c020,0x00000000d6c80000)
  to   space 4608K, 0% used [0x00000000d6f80000,0x00000000d6f80000,0x00000000d7400000)
 ParOldGen       total 68608K, used 35313K [0x0000000080000000, 0x0000000084300000, 0x00000000d5580000)
  object space 68608K, 51% used [0x0000000080000000,0x000000008227c6d8,0x0000000084300000)
 Metaspace       used 63287K, committed 64576K, reserved 1114112K
  class space    used 6317K, committed 6912K, reserved 1048576K

Card table byte_map: [0x000001a0d49b0000,0x000001a0d4dc0000] _byte_map_base: 0x000001a0d45b0000

Marking Bits: (ParMarkBitMap*) 0x00007ffe14c93450
 Begin Bits: [0x000001a0e7490000, 0x000001a0e9490000)
 End Bits:   [0x000001a0e9490000, 0x000001a0eb490000)

Polling page: 0x000001a0d47a0000

Metaspace:

Usage:
  Non-class:     55.63 MB used.
      Class:      6.17 MB used.
       Both:     61.80 MB used.

Virtual space:
  Non-class space:       64.00 MB reserved,      56.31 MB ( 88%) committed,  1 nodes.
      Class space:        1.00 GB reserved,       6.75 MB ( <1%) committed,  1 nodes.
             Both:        1.06 GB reserved,      63.06 MB (  6%) committed. 

Chunk freelists:
   Non-Class:  6.95 MB
       Class:  9.22 MB
        Both:  16.17 MB

MaxMetaspaceSize: unlimited
CompressedClassSpaceSize: 1.00 GB
Initial GC threshold: 21.00 MB
Current GC threshold: 97.31 MB
CDS: on
 - commit_granule_bytes: 65536.
 - commit_granule_words: 8192.
 - virtual_space_node_default_size: 8388608.
 - enlarge_chunks_in_place: 1.
 - use_allocation_guard: 0.


Internal statistics:

num_allocs_failed_limit: 9.
num_arena_births: 900.
num_arena_deaths: 14.
num_vsnodes_births: 2.
num_vsnodes_deaths: 0.
num_space_committed: 1009.
num_space_uncommitted: 0.
num_chunks_returned_to_freelist: 23.
num_chunks_taken_from_freelist: 3401.
num_chunk_merges: 13.
num_chunk_splits: 2171.
num_chunks_enlarged: 1348.
num_inconsistent_stats: 0.

CodeHeap 'non-profiled nmethods': size=120000Kb used=4608Kb max_used=4608Kb free=115391Kb
 bounds [0x000001a0dfcb0000, 0x000001a0e0140000, 0x000001a0e71e0000]
CodeHeap 'profiled nmethods': size=120000Kb used=17508Kb max_used=17508Kb free=102491Kb
 bounds [0x000001a0d81e0000, 0x000001a0d9300000, 0x000001a0df710000]
CodeHeap 'non-nmethods': size=5760Kb used=1412Kb max_used=1464Kb free=4347Kb
 bounds [0x000001a0df710000, 0x000001a0df980000, 0x000001a0dfcb0000]
CodeCache: size=245760Kb, used=23528Kb, max_used=23580Kb, free=222229Kb
 total_blobs=9219, nmethods=8503, adapters=622, full_count=0
Compilation: enabled, stopped_count=0, restarted_count=0

Compilation events (20 events):
Event: 23.882 Thread 0x000001a0ecdfd000 9178       3       org.apache.maven.model.management.DefaultPluginManagementInjector$ManagementModelMerger::mergePluginContainerPlugins (168 bytes)
Event: 23.884 Thread 0x000001a0ecdfd000 nmethod 9178 0x000001a0d92f3d10 code [0x000001a0d92f41c0, 0x000001a0d92f65e0]
Event: 23.884 Thread 0x000001a0ecdfd000 9179       3       org.eclipse.aether.resolution.VersionRequest::<init> (36 bytes)
Event: 23.885 Thread 0x000001a0ecdfd000 nmethod 9179 0x000001a0d92f7290 code [0x000001a0d92f7480, 0x000001a0d92f7950]
Event: 23.885 Thread 0x000001a0ecdfd000 9184       3       java.nio.charset.CharsetEncoder::implFlush (4 bytes)
Event: 23.885 Thread 0x000001a0ecdfd000 nmethod 9184 0x000001a0d92f7b90 code [0x000001a0d92f7d20, 0x000001a0d92f7e38]
Event: 23.885 Thread 0x000001a0ecdfd000 9180       3       org.eclipse.aether.resolution.VersionRequest::setRepositories (21 bytes)
Event: 23.885 Thread 0x000001a0ecdfd000 nmethod 9180 0x000001a0d92f7f10 code [0x000001a0d92f80c0, 0x000001a0d92f82b0]
Event: 23.885 Thread 0x000001a0ecdfd000 9181       3       org.eclipse.aether.resolution.VersionRequest::setRequestContext (19 bytes)
Event: 23.886 Thread 0x000001a0ecdfd000 nmethod 9181 0x000001a0d92f8390 code [0x000001a0d92f8540, 0x000001a0d92f8700]
Event: 23.886 Thread 0x000001a0ecdfd000 9182       3       org.eclipse.aether.resolution.VersionRequest::setTrace (7 bytes)
Event: 23.886 Thread 0x000001a0ecdfd000 nmethod 9182 0x000001a0d92f8810 code [0x000001a0d92f89a0, 0x000001a0d92f8ac8]
Event: 23.886 Thread 0x000001a0ecdfd000 9183       3       org.eclipse.aether.resolution.VersionResult::<init> (25 bytes)
Event: 23.886 Thread 0x000001a0ecdfd000 nmethod 9183 0x000001a0d92f8b90 code [0x000001a0d92f8d60, 0x000001a0d92f90b8]
Event: 23.895 Thread 0x000001a0ecdfa890 nmethod 9159 0x000001a0e012cb10 code [0x000001a0e012cdc0, 0x000001a0e012d9f8]
Event: 23.895 Thread 0x000001a0ecdfa890 9169       4       java.util.HashMap::putVal (300 bytes)
Event: 23.902 Thread 0x000001a0ecdfa890 nmethod 9169 0x000001a0e012e390 code [0x000001a0e012e5a0, 0x000001a0e012ebf8]
Event: 23.902 Thread 0x000001a0ecdfa890 9168       4       java.util.HashMap::put (13 bytes)
Event: 23.908 Thread 0x000001a0ecdfa890 nmethod 9168 0x000001a0e012f190 code [0x000001a0e012f3c0, 0x000001a0e012fa50]
Event: 23.908 Thread 0x000001a0ecdfa890 9103   !   4       org.codehaus.plexus.interpolation.StringSearchInterpolator::interpolate (692 bytes)

GC Heap History (20 events):
Event: 14.373 GC heap before
{Heap before GC invocations=21 (full 2):
 PSYoungGen      total 23552K, used 23536K [0x00000000d5580000, 0x00000000d7000000, 0x0000000100000000)
  eden space 22016K, 100% used [0x00000000d5580000,0x00000000d6b00000,0x00000000d6b00000)
  from space 1536K, 98% used [0x00000000d6e80000,0x00000000d6ffc250,0x00000000d7000000)
  to   space 2048K, 0% used [0x00000000d6c00000,0x00000000d6c00000,0x00000000d6e00000)
 ParOldGen       total 68608K, used 23454K [0x0000000080000000, 0x0000000084300000, 0x00000000d5580000)
  object space 68608K, 34% used [0x0000000080000000,0x00000000816e7af8,0x0000000084300000)
 Metaspace       used 53998K, committed 55040K, reserved 1114112K
  class space    used 5408K, committed 5888K, reserved 1048576K
}
Event: 14.377 GC heap after
{Heap after GC invocations=21 (full 2):
 PSYoungGen      total 23552K, used 1435K [0x00000000d5580000, 0x00000000d6f00000, 0x0000000100000000)
  eden space 22016K, 0% used [0x00000000d5580000,0x00000000d5580000,0x00000000d6b00000)
  from space 1536K, 93% used [0x00000000d6c00000,0x00000000d6d66e98,0x00000000d6d80000)
  to   space 1536K, 0% used [0x00000000d6d80000,0x00000000d6d80000,0x00000000d6f00000)
 ParOldGen       total 68608K, used 24794K [0x0000000080000000, 0x0000000084300000, 0x00000000d5580000)
  object space 68608K, 36% used [0x0000000080000000,0x0000000081836b38,0x0000000084300000)
 Metaspace       used 53998K, committed 55040K, reserved 1114112K
  class space    used 5408K, committed 5888K, reserved 1048576K
}
Event: 15.472 GC heap before
{Heap before GC invocations=22 (full 2):
 PSYoungGen      total 23552K, used 23451K [0x00000000d5580000, 0x00000000d6f00000, 0x0000000100000000)
  eden space 22016K, 100% used [0x00000000d5580000,0x00000000d6b00000,0x00000000d6b00000)
  from space 1536K, 93% used [0x00000000d6c00000,0x00000000d6d66e98,0x00000000d6d80000)
  to   space 1536K, 0% used [0x00000000d6d80000,0x00000000d6d80000,0x00000000d6f00000)
 ParOldGen       total 68608K, used 24794K [0x0000000080000000, 0x0000000084300000, 0x00000000d5580000)
  object space 68608K, 36% used [0x0000000080000000,0x0000000081836b38,0x0000000084300000)
 Metaspace       used 56959K, committed 58112K, reserved 1114112K
  class space    used 5691K, committed 6208K, reserved 1048576K
}
Event: 15.474 GC heap after
{Heap after GC invocations=22 (full 2):
 PSYoungGen      total 23552K, used 1152K [0x00000000d5580000, 0x00000000d6f00000, 0x0000000100000000)
  eden space 22016K, 0% used [0x00000000d5580000,0x00000000d5580000,0x00000000d6b00000)
  from space 1536K, 75% used [0x00000000d6d80000,0x00000000d6ea0000,0x00000000d6f00000)
  to   space 1536K, 0% used [0x00000000d6c00000,0x00000000d6c00000,0x00000000d6d80000)
 ParOldGen       total 68608K, used 26014K [0x0000000080000000, 0x0000000084300000, 0x00000000d5580000)
  object space 68608K, 37% used [0x0000000080000000,0x0000000081967bf0,0x0000000084300000)
 Metaspace       used 56959K, committed 58112K, reserved 1114112K
  class space    used 5691K, committed 6208K, reserved 1048576K
}
Event: 15.849 GC heap before
{Heap before GC invocations=23 (full 2):
 PSYoungGen      total 23552K, used 13942K [0x00000000d5580000, 0x00000000d6f00000, 0x0000000100000000)
  eden space 22016K, 58% used [0x00000000d5580000,0x00000000d61fd820,0x00000000d6b00000)
  from space 1536K, 75% used [0x00000000d6d80000,0x00000000d6ea0000,0x00000000d6f00000)
  to   space 1536K, 0% used [0x00000000d6c00000,0x00000000d6c00000,0x00000000d6d80000)
 ParOldGen       total 68608K, used 26014K [0x0000000080000000, 0x0000000084300000, 0x00000000d5580000)
  object space 68608K, 37% used [0x0000000080000000,0x0000000081967bf0,0x0000000084300000)
 Metaspace       used 58609K, committed 59776K, reserved 1114112K
  class space    used 5884K, committed 6400K, reserved 1048576K
}
Event: 15.851 GC heap after
{Heap after GC invocations=23 (full 2):
 PSYoungGen      total 23552K, used 1312K [0x00000000d5580000, 0x00000000d6e00000, 0x0000000100000000)
  eden space 22016K, 0% used [0x00000000d5580000,0x00000000d5580000,0x00000000d6b00000)
  from space 1536K, 85% used [0x00000000d6c00000,0x00000000d6d48010,0x00000000d6d80000)
  to   space 512K, 0% used [0x00000000d6d80000,0x00000000d6d80000,0x00000000d6e00000)
 ParOldGen       total 68608K, used 27018K [0x0000000080000000, 0x0000000084300000, 0x00000000d5580000)
  object space 68608K, 39% used [0x0000000080000000,0x0000000081a62838,0x0000000084300000)
 Metaspace       used 58609K, committed 59776K, reserved 1114112K
  class space    used 5884K, committed 6400K, reserved 1048576K
}
Event: 15.851 GC heap before
{Heap before GC invocations=24 (full 3):
 PSYoungGen      total 23552K, used 1312K [0x00000000d5580000, 0x00000000d6e00000, 0x0000000100000000)
  eden space 22016K, 0% used [0x00000000d5580000,0x00000000d5580000,0x00000000d6b00000)
  from space 1536K, 85% used [0x00000000d6c00000,0x00000000d6d48010,0x00000000d6d80000)
  to   space 512K, 0% used [0x00000000d6d80000,0x00000000d6d80000,0x00000000d6e00000)
 ParOldGen       total 68608K, used 27018K [0x0000000080000000, 0x0000000084300000, 0x00000000d5580000)
  object space 68608K, 39% used [0x0000000080000000,0x0000000081a62838,0x0000000084300000)
 Metaspace       used 58609K, committed 59776K, reserved 1114112K
  class space    used 5884K, committed 6400K, reserved 1048576K
}
Event: 15.900 GC heap after
{Heap after GC invocations=24 (full 3):
 PSYoungGen      total 23552K, used 0K [0x00000000d5580000, 0x00000000d6e00000, 0x0000000100000000)
  eden space 22016K, 0% used [0x00000000d5580000,0x00000000d5580000,0x00000000d6b00000)
  from space 1536K, 0% used [0x00000000d6c00000,0x00000000d6c00000,0x00000000d6d80000)
  to   space 512K, 0% used [0x00000000d6d80000,0x00000000d6d80000,0x00000000d6e00000)
 ParOldGen       total 68608K, used 26846K [0x0000000080000000, 0x0000000084300000, 0x00000000d5580000)
  object space 68608K, 39% used [0x0000000080000000,0x0000000081a37970,0x0000000084300000)
 Metaspace       used 58609K, committed 59776K, reserved 1114112K
  class space    used 5884K, committed 6400K, reserved 1048576K
}
Event: 18.343 GC heap before
{Heap before GC invocations=25 (full 3):
 PSYoungGen      total 23552K, used 22016K [0x00000000d5580000, 0x00000000d6e00000, 0x0000000100000000)
  eden space 22016K, 100% used [0x00000000d5580000,0x00000000d6b00000,0x00000000d6b00000)
  from space 1536K, 0% used [0x00000000d6c00000,0x00000000d6c00000,0x00000000d6d80000)
  to   space 512K, 0% used [0x00000000d6d80000,0x00000000d6d80000,0x00000000d6e00000)
 ParOldGen       total 68608K, used 26846K [0x0000000080000000, 0x0000000084300000, 0x00000000d5580000)
  object space 68608K, 39% used [0x0000000080000000,0x0000000081a37970,0x0000000084300000)
 Metaspace       used 60438K, committed 61632K, reserved 1114112K
  class space    used 6087K, committed 6656K, reserved 1048576K
}
Event: 18.346 GC heap after
{Heap after GC invocations=25 (full 3):
 PSYoungGen      total 22528K, used 512K [0x00000000d5580000, 0x00000000d7000000, 0x0000000100000000)
  eden space 22016K, 0% used [0x00000000d5580000,0x00000000d5580000,0x00000000d6b00000)
  from space 512K, 100% used [0x00000000d6d80000,0x00000000d6e00000,0x00000000d6e00000)
  to   space 2560K, 0% used [0x00000000d6b00000,0x00000000d6b00000,0x00000000d6d80000)
 ParOldGen       total 68608K, used 28455K [0x0000000080000000, 0x0000000084300000, 0x00000000d5580000)
  object space 68608K, 41% used [0x0000000080000000,0x0000000081bc9eb0,0x0000000084300000)
 Metaspace       used 60438K, committed 61632K, reserved 1114112K
  class space    used 6087K, committed 6656K, reserved 1048576K
}
Event: 20.772 GC heap before
{Heap before GC invocations=26 (full 3):
 PSYoungGen      total 22528K, used 22528K [0x00000000d5580000, 0x00000000d7000000, 0x0000000100000000)
  eden space 22016K, 100% used [0x00000000d5580000,0x00000000d6b00000,0x00000000d6b00000)
  from space 512K, 100% used [0x00000000d6d80000,0x00000000d6e00000,0x00000000d6e00000)
  to   space 2560K, 0% used [0x00000000d6b00000,0x00000000d6b00000,0x00000000d6d80000)
 ParOldGen       total 68608K, used 28455K [0x0000000080000000, 0x0000000084300000, 0x00000000d5580000)
  object space 68608K, 41% used [0x0000000080000000,0x0000000081bc9eb0,0x0000000084300000)
 Metaspace       used 60743K, committed 61952K, reserved 1114112K
  class space    used 6092K, committed 6656K, reserved 1048576K
}
Event: 20.774 GC heap after
{Heap after GC invocations=26 (full 3):
 PSYoungGen      total 24064K, used 1728K [0x00000000d5580000, 0x00000000d6f00000, 0x0000000100000000)
  eden space 22016K, 0% used [0x00000000d5580000,0x00000000d5580000,0x00000000d6b00000)
  from space 2048K, 84% used [0x00000000d6b00000,0x00000000d6cb0010,0x00000000d6d00000)
  to   space 2048K, 0% used [0x00000000d6d00000,0x00000000d6d00000,0x00000000d6f00000)
 ParOldGen       total 68608K, used 28927K [0x0000000080000000, 0x0000000084300000, 0x00000000d5580000)
  object space 68608K, 42% used [0x0000000080000000,0x0000000081c3ff00,0x0000000084300000)
 Metaspace       used 60743K, committed 61952K, reserved 1114112K
  class space    used 6092K, committed 6656K, reserved 1048576K
}
Event: 21.979 GC heap before
{Heap before GC invocations=27 (full 3):
 PSYoungGen      total 24064K, used 23731K [0x00000000d5580000, 0x00000000d6f00000, 0x0000000100000000)
  eden space 22016K, 99% used [0x00000000d5580000,0x00000000d6afccf0,0x00000000d6b00000)
  from space 2048K, 84% used [0x00000000d6b00000,0x00000000d6cb0010,0x00000000d6d00000)
  to   space 2048K, 0% used [0x00000000d6d00000,0x00000000d6d00000,0x00000000d6f00000)
 ParOldGen       total 68608K, used 28927K [0x0000000080000000, 0x0000000084300000, 0x00000000d5580000)
  object space 68608K, 42% used [0x0000000080000000,0x0000000081c3ff00,0x0000000084300000)
 Metaspace       used 60963K, committed 62208K, reserved 1114112K
  class space    used 6092K, committed 6656K, reserved 1048576K
}
Event: 21.981 GC heap after
{Heap after GC invocations=27 (full 3):
 PSYoungGen      total 24064K, used 1888K [0x00000000d5580000, 0x00000000d6f00000, 0x0000000100000000)
  eden space 22016K, 0% used [0x00000000d5580000,0x00000000d5580000,0x00000000d6b00000)
  from space 2048K, 92% used [0x00000000d6d00000,0x00000000d6ed8000,0x00000000d6f00000)
  to   space 2048K, 0% used [0x00000000d6b00000,0x00000000d6b00000,0x00000000d6d00000)
 ParOldGen       total 68608K, used 30435K [0x0000000080000000, 0x0000000084300000, 0x00000000d5580000)
  object space 68608K, 44% used [0x0000000080000000,0x0000000081db8fa8,0x0000000084300000)
 Metaspace       used 60963K, committed 62208K, reserved 1114112K
  class space    used 6092K, committed 6656K, reserved 1048576K
}
Event: 22.555 GC heap before
{Heap before GC invocations=28 (full 3):
 PSYoungGen      total 24064K, used 23904K [0x00000000d5580000, 0x00000000d6f00000, 0x0000000100000000)
  eden space 22016K, 100% used [0x00000000d5580000,0x00000000d6b00000,0x00000000d6b00000)
  from space 2048K, 92% used [0x00000000d6d00000,0x00000000d6ed8000,0x00000000d6f00000)
  to   space 2048K, 0% used [0x00000000d6b00000,0x00000000d6b00000,0x00000000d6d00000)
 ParOldGen       total 68608K, used 30435K [0x0000000080000000, 0x0000000084300000, 0x00000000d5580000)
  object space 68608K, 44% used [0x0000000080000000,0x0000000081db8fa8,0x0000000084300000)
 Metaspace       used 61447K, committed 62656K, reserved 1114112K
  class space    used 6151K, committed 6720K, reserved 1048576K
}
Event: 22.557 GC heap after
{Heap after GC invocations=28 (full 3):
 PSYoungGen      total 23552K, used 1104K [0x00000000d5580000, 0x00000000d6e00000, 0x0000000100000000)
  eden space 22016K, 0% used [0x00000000d5580000,0x00000000d5580000,0x00000000d6b00000)
  from space 1536K, 71% used [0x00000000d6b00000,0x00000000d6c14038,0x00000000d6c80000)
  to   space 1536K, 0% used [0x00000000d6c80000,0x00000000d6c80000,0x00000000d6e00000)
 ParOldGen       total 68608K, used 31933K [0x0000000080000000, 0x0000000084300000, 0x00000000d5580000)
  object space 68608K, 46% used [0x0000000080000000,0x0000000081f2f6c0,0x0000000084300000)
 Metaspace       used 61447K, committed 62656K, reserved 1114112K
  class space    used 6151K, committed 6720K, reserved 1048576K
}
Event: 23.019 GC heap before
{Heap before GC invocations=29 (full 3):
 PSYoungGen      total 23552K, used 23120K [0x00000000d5580000, 0x00000000d6e00000, 0x0000000100000000)
  eden space 22016K, 100% used [0x00000000d5580000,0x00000000d6b00000,0x00000000d6b00000)
  from space 1536K, 71% used [0x00000000d6b00000,0x00000000d6c14038,0x00000000d6c80000)
  to   space 1536K, 0% used [0x00000000d6c80000,0x00000000d6c80000,0x00000000d6e00000)
 ParOldGen       total 68608K, used 31933K [0x0000000080000000, 0x0000000084300000, 0x00000000d5580000)
  object space 68608K, 46% used [0x0000000080000000,0x0000000081f2f6c0,0x0000000084300000)
 Metaspace       used 62308K, committed 63616K, reserved 1114112K
  class space    used 6248K, committed 6848K, reserved 1048576K
}
Event: 23.021 GC heap after
{Heap after GC invocations=29 (full 3):
 PSYoungGen      total 23552K, used 1367K [0x00000000d5580000, 0x00000000d6e00000, 0x0000000100000000)
  eden space 22016K, 0% used [0x00000000d5580000,0x00000000d5580000,0x00000000d6b00000)
  from space 1536K, 89% used [0x00000000d6c80000,0x00000000d6dd5f60,0x00000000d6e00000)
  to   space 1536K, 0% used [0x00000000d6b00000,0x00000000d6b00000,0x00000000d6c80000)
 ParOldGen       total 68608K, used 32911K [0x0000000080000000, 0x0000000084300000, 0x00000000d5580000)
  object space 68608K, 47% used [0x0000000080000000,0x0000000082023e28,0x0000000084300000)
 Metaspace       used 62308K, committed 63616K, reserved 1114112K
  class space    used 6248K, committed 6848K, reserved 1048576K
}
Event: 23.832 GC heap before
{Heap before GC invocations=30 (full 3):
 PSYoungGen      total 23552K, used 23383K [0x00000000d5580000, 0x00000000d6e00000, 0x0000000100000000)
  eden space 22016K, 100% used [0x00000000d5580000,0x00000000d6b00000,0x00000000d6b00000)
  from space 1536K, 89% used [0x00000000d6c80000,0x00000000d6dd5f60,0x00000000d6e00000)
  to   space 1536K, 0% used [0x00000000d6b00000,0x00000000d6b00000,0x00000000d6c80000)
 ParOldGen       total 68608K, used 32911K [0x0000000080000000, 0x0000000084300000, 0x00000000d5580000)
  object space 68608K, 47% used [0x0000000080000000,0x0000000082023e28,0x0000000084300000)
 Metaspace       used 63236K, committed 64512K, reserved 1114112K
  class space    used 6315K, committed 6912K, reserved 1048576K
}
Event: 23.836 GC heap after
{Heap after GC invocations=30 (full 3):
 PSYoungGen      total 23552K, used 1520K [0x00000000d5580000, 0x00000000d7400000, 0x0000000100000000)
  eden space 22016K, 0% used [0x00000000d5580000,0x00000000d5580000,0x00000000d6b00000)
  from space 1536K, 98% used [0x00000000d6b00000,0x00000000d6c7c020,0x00000000d6c80000)
  to   space 4608K, 0% used [0x00000000d6f80000,0x00000000d6f80000,0x00000000d7400000)
 ParOldGen       total 68608K, used 35313K [0x0000000080000000, 0x0000000084300000, 0x00000000d5580000)
  object space 68608K, 51% used [0x0000000080000000,0x000000008227c6d8,0x0000000084300000)
 Metaspace       used 63236K, committed 64512K, reserved 1114112K
  class space    used 6315K, committed 6912K, reserved 1048576K
}

Dll operation events (14 events):
Event: 0.009 Loaded shared library c:\Users\Javier\.vscode\extensions\redhat.java-1.55.2026051309-win32-x64\jre\21.0.10-win32-x86_64\bin\java.dll
Event: 0.042 Loaded shared library c:\Users\Javier\.vscode\extensions\redhat.java-1.55.2026051309-win32-x64\jre\21.0.10-win32-x86_64\bin\zip.dll
Event: 0.119 Loaded shared library C:\Users\Javier\.vscode\extensions\redhat.java-1.55.2026051309-win32-x64\jre\21.0.10-win32-x86_64\bin\instrument.dll
Event: 0.125 Loaded shared library C:\Users\Javier\.vscode\extensions\redhat.java-1.55.2026051309-win32-x64\jre\21.0.10-win32-x86_64\bin\net.dll
Event: 0.128 Loaded shared library C:\Users\Javier\.vscode\extensions\redhat.java-1.55.2026051309-win32-x64\jre\21.0.10-win32-x86_64\bin\nio.dll
Event: 0.132 Loaded shared library C:\Users\Javier\.vscode\extensions\redhat.java-1.55.2026051309-win32-x64\jre\21.0.10-win32-x86_64\bin\zip.dll
Event: 0.149 Loaded shared library C:\Users\Javier\.vscode\extensions\redhat.java-1.55.2026051309-win32-x64\jre\21.0.10-win32-x86_64\bin\jimage.dll
Event: 0.229 Loaded shared library c:\Users\Javier\.vscode\extensions\redhat.java-1.55.2026051309-win32-x64\jre\21.0.10-win32-x86_64\bin\verify.dll
Event: 3.063 Loaded shared library C:\Users\Javier\AppData\Roaming\Code\User\globalStorage\redhat.java\1.55.2026051309\config_win\org.eclipse.equinox.launcher\org.eclipse.equinox.launcher.win32.win32.x86_64_1.3.0.v20260203-2149\eclipse_11919.dll
Event: 7.609 Loaded shared library C:\Users\Javier\.vscode\extensions\redhat.java-1.55.2026051309-win32-x64\jre\21.0.10-win32-x86_64\bin\management.dll
Event: 7.615 Loaded shared library C:\Users\Javier\.vscode\extensions\redhat.java-1.55.2026051309-win32-x64\jre\21.0.10-win32-x86_64\bin\management_ext.dll
Event: 9.783 Loaded shared library C:\Users\Javier\AppData\Local\Temp\jna--2083209097\jna11343083684543586709.dll
Event: 10.476 Loaded shared library C:\Users\Javier\.vscode\extensions\redhat.java-1.55.2026051309-win32-x64\jre\21.0.10-win32-x86_64\bin\sunmscapi.dll
Event: 10.580 Loaded shared library C:\Users\Javier\.vscode\extensions\redhat.java-1.55.2026051309-win32-x64\jre\21.0.10-win32-x86_64\bin\extnet.dll

Deoptimization events (20 events):
Event: 23.537 Thread 0x000001a0f490b960 Uncommon trap: trap_request=0xffffff45 fr.pc=0x000001a0e00d69b0 relative=0x0000000000003070
Event: 23.537 Thread 0x000001a0f490b960 Uncommon trap: reason=unstable_if action=reinterpret pc=0x000001a0e00d69b0 method=org.apache.http.impl.conn.Wire.wire(Ljava/lang/String;Ljava/io/InputStream;)V @ 167 c2
Event: 23.537 Thread 0x000001a0f490b960 DEOPT PACKING pc=0x000001a0e00d69b0 sp=0x00000088219fd4f0
Event: 23.537 Thread 0x000001a0f490b960 DEOPT UNPACKING pc=0x000001a0df763aa2 sp=0x00000088219fd500 mode 2
Event: 23.549 Thread 0x000001a0f490b960 Uncommon trap: trap_request=0xffffff45 fr.pc=0x000001a0e0037ac0 relative=0x00000000000022a0
Event: 23.549 Thread 0x000001a0f490b960 Uncommon trap: reason=unstable_if action=reinterpret pc=0x000001a0e0037ac0 method=org.codehaus.plexus.util.xml.pull.MXParser.isS(C)Z @ 21 c2
Event: 23.549 Thread 0x000001a0f490b960 DEOPT PACKING pc=0x000001a0e0037ac0 sp=0x00000088219fe1a0
Event: 23.549 Thread 0x000001a0f490b960 DEOPT UNPACKING pc=0x000001a0df763aa2 sp=0x00000088219fe0f8 mode 2
Event: 23.554 Thread 0x000001a0f4907130 Uncommon trap: trap_request=0xffffffc6 fr.pc=0x000001a0e0072ff0 relative=0x0000000000000d50
Event: 23.554 Thread 0x000001a0f4907130 Uncommon trap: reason=bimorphic_or_optimized_type_check action=maybe_recompile pc=0x000001a0e0072ff0 method=java.util.concurrent.ConcurrentHashMap.putVal(Ljava/lang/Object;Ljava/lang/Object;Z)Ljava/lang/Object; @ 242 c2
Event: 23.554 Thread 0x000001a0f4907130 DEOPT PACKING pc=0x000001a0e0072ff0 sp=0x00000088218feac0
Event: 23.554 Thread 0x000001a0f4907130 DEOPT UNPACKING pc=0x000001a0df763aa2 sp=0x00000088218fea30 mode 2
Event: 23.767 Thread 0x000001a0f490b960 DEOPT PACKING pc=0x000001a0d91b204d sp=0x00000088219fdaf0
Event: 23.767 Thread 0x000001a0f490b960 DEOPT UNPACKING pc=0x000001a0df764242 sp=0x00000088219fd028 mode 0
Event: 23.858 Thread 0x000001a0f4907130 DEOPT PACKING pc=0x000001a0d91b204d sp=0x00000088218fe150
Event: 23.858 Thread 0x000001a0f4907130 DEOPT UNPACKING pc=0x000001a0df764242 sp=0x00000088218fd688 mode 0
Event: 23.862 Thread 0x000001a0f4907130 DEOPT PACKING pc=0x000001a0d91b204d sp=0x00000088218fe150
Event: 23.862 Thread 0x000001a0f4907130 DEOPT UNPACKING pc=0x000001a0df764242 sp=0x00000088218fd688 mode 0
Event: 23.871 Thread 0x000001a0f490b960 DEOPT PACKING pc=0x000001a0d91b204d sp=0x00000088219fda30
Event: 23.871 Thread 0x000001a0f490b960 DEOPT UNPACKING pc=0x000001a0df764242 sp=0x00000088219fcf68 mode 0

Classes loaded (20 events):
Event: 20.651 Loading class java/lang/invoke/MethodHandleImpl$CountingWrapper$1
Event: 20.651 Loading class java/lang/invoke/MethodHandleImpl$CountingWrapper$1 done
Event: 22.888 Loading class sun/nio/cs/ISO_8859_1$Decoder
Event: 22.888 Loading class sun/nio/cs/ISO_8859_1$Decoder done
Event: 23.261 Loading class sun/security/ssl/PreSharedKeyExtension$PskIdentity
Event: 23.261 Loading class sun/security/ssl/PreSharedKeyExtension$PskIdentity done
Event: 23.262 Loading class sun/security/ssl/PreSharedKeyExtension$CHPreSharedKeySpec
Event: 23.262 Loading class sun/security/ssl/PreSharedKeyExtension$CHPreSharedKeySpec done
Event: 23.262 Loading class sun/security/ssl/PreSharedKeyExtension$PartialClientHelloMessage
Event: 23.262 Loading class sun/security/ssl/PreSharedKeyExtension$PartialClientHelloMessage done
Event: 23.262 Loading class sun/security/ssl/SSLEngineOutputRecord
Event: 23.263 Loading class sun/security/ssl/SSLEngineOutputRecord done
Event: 23.264 Loading class sun/security/ssl/SSLEngineOutputRecord$HandshakeFragment
Event: 23.264 Loading class sun/security/ssl/SSLEngineOutputRecord$HandshakeFragment done
Event: 23.264 Loading class sun/security/ssl/SSLEngineOutputRecord$HandshakeMemo
Event: 23.264 Loading class sun/security/ssl/SSLEngineOutputRecord$RecordMemo
Event: 23.264 Loading class sun/security/ssl/SSLEngineOutputRecord$RecordMemo done
Event: 23.264 Loading class sun/security/ssl/SSLEngineOutputRecord$HandshakeMemo done
Event: 23.297 Loading class sun/security/ssl/PreSharedKeyExtension$SHPreSharedKeySpec
Event: 23.297 Loading class sun/security/ssl/PreSharedKeyExtension$SHPreSharedKeySpec done

Classes unloaded (7 events):
Event: 8.551 Thread 0x000001a0d2e5eb40 Unloading class 0x000001a0811cc800 'java/lang/invoke/LambdaForm$MH+0x000001a0811cc800'
Event: 8.551 Thread 0x000001a0d2e5eb40 Unloading class 0x000001a0811cc400 'java/lang/invoke/LambdaForm$MH+0x000001a0811cc400'
Event: 8.551 Thread 0x000001a0d2e5eb40 Unloading class 0x000001a0811cc000 'java/lang/invoke/LambdaForm$MH+0x000001a0811cc000'
Event: 8.551 Thread 0x000001a0d2e5eb40 Unloading class 0x000001a0811cbc00 'java/lang/invoke/LambdaForm$MH+0x000001a0811cbc00'
Event: 8.551 Thread 0x000001a0d2e5eb40 Unloading class 0x000001a0811cb800 'java/lang/invoke/LambdaForm$BMH+0x000001a0811cb800'
Event: 8.551 Thread 0x000001a0d2e5eb40 Unloading class 0x000001a0811cb400 'java/lang/invoke/LambdaForm$DMH+0x000001a0811cb400'
Event: 8.551 Thread 0x000001a0d2e5eb40 Unloading class 0x000001a0811ca000 'java/lang/invoke/LambdaForm$DMH+0x000001a0811ca000'

Classes redefined (0 events):
No events

Internal exceptions (20 events):
Event: 23.609 Thread 0x000001a0f490b960 Exception <a 'sun/nio/fs/WindowsException'{0x00000000d641e528}> (0x00000000d641e528) 
thrown [s\src\hotspot\share\prims\jni.cpp, line 520]
Event: 23.614 Thread 0x000001a0f490b960 Exception <a 'sun/nio/fs/WindowsException'{0x00000000d642f060}> (0x00000000d642f060) 
thrown [s\src\hotspot\share\prims\jni.cpp, line 520]
Event: 23.617 Thread 0x000001a0f490b960 Exception <a 'sun/nio/fs/WindowsException'{0x00000000d644a8f0}> (0x00000000d644a8f0) 
thrown [s\src\hotspot\share\prims\jni.cpp, line 520]
Event: 23.619 Thread 0x000001a0f490b960 Exception <a 'sun/nio/fs/WindowsException'{0x00000000d6452550}> (0x00000000d6452550) 
thrown [s\src\hotspot\share\prims\jni.cpp, line 520]
Event: 23.624 Thread 0x000001a0f490b960 Exception <a 'sun/nio/fs/WindowsException'{0x00000000d647da20}> (0x00000000d647da20) 
thrown [s\src\hotspot\share\prims\jni.cpp, line 520]
Event: 23.624 Thread 0x000001a0f490b960 Exception <a 'sun/nio/fs/WindowsException'{0x00000000d647de70}> (0x00000000d647de70) 
thrown [s\src\hotspot\share\prims\jni.cpp, line 520]
Event: 23.731 Thread 0x000001a0f490b960 Exception <a 'sun/nio/fs/WindowsException'{0x00000000d64bcda8}> (0x00000000d64bcda8) 
thrown [s\src\hotspot\share\prims\jni.cpp, line 520]
Event: 23.743 Thread 0x000001a0f490b960 Exception <a 'sun/nio/fs/WindowsException'{0x00000000d651c208}> (0x00000000d651c208) 
thrown [s\src\hotspot\share\prims\jni.cpp, line 520]
Event: 23.748 Thread 0x000001a0f490b960 Exception <a 'sun/nio/fs/WindowsException'{0x00000000d65272a8}> (0x00000000d65272a8) 
thrown [s\src\hotspot\share\prims\jni.cpp, line 520]
Event: 23.749 Thread 0x000001a0f490b960 Exception <a 'sun/nio/fs/WindowsException'{0x00000000d6537088}> (0x00000000d6537088) 
thrown [s\src\hotspot\share\prims\jni.cpp, line 520]
Event: 23.785 Thread 0x000001a0f490b960 Exception <a 'sun/nio/fs/WindowsException'{0x00000000d6a9cc28}> (0x00000000d6a9cc28) 
thrown [s\src\hotspot\share\prims\jni.cpp, line 520]
Event: 23.785 Thread 0x000001a0f490b960 Exception <a 'sun/nio/fs/WindowsException'{0x00000000d6a9cfb8}> (0x00000000d6a9cfb8) 
thrown [s\src\hotspot\share\prims\jni.cpp, line 520]
Event: 23.829 Thread 0x000001a0f490b960 Exception <a 'sun/nio/fs/WindowsException'{0x00000000d6ae2768}> (0x00000000d6ae2768) 
thrown [s\src\hotspot\share\prims\jni.cpp, line 520]
Event: 23.840 Thread 0x000001a0f490b960 Exception <a 'sun/nio/fs/WindowsException'{0x00000000d55948e8}> (0x00000000d55948e8) 
thrown [s\src\hotspot\share\prims\jni.cpp, line 520]
Event: 23.844 Thread 0x000001a0f490b960 Exception <a 'sun/nio/fs/WindowsException'{0x00000000d5597438}> (0x00000000d5597438) 
thrown [s\src\hotspot\share\prims\jni.cpp, line 520]
Event: 23.846 Thread 0x000001a0f490b960 Exception <a 'sun/nio/fs/WindowsException'{0x00000000d55aef98}> (0x00000000d55aef98) 
thrown [s\src\hotspot\share\prims\jni.cpp, line 520]
Event: 23.850 Thread 0x000001a0f490b960 Exception <a 'java/lang/NoSuchMethodError'{0x00000000d55bf7a8}: 'java.lang.Object java.lang.invoke.DirectMethodHandle$Holder.newInvokeSpecial(java.lang.Object, java.lang.Object, int, java.lang.Object, int)'> (0x00000000d55bf7a8) 
thrown [s\src\hotspot\share\interpreter\linkResolver.cpp, line 773]
Event: 23.850 Thread 0x000001a0f490b960 Exception <a 'java/lang/NoSuchMethodError'{0x00000000d55c71b0}: 'java.lang.Object java.lang.invoke.Invokers$Holder.linkToTargetMethod(java.lang.Object, int, java.lang.Object, int, java.lang.Object)'> (0x00000000d55c71b0) 
thrown [s\src\hotspot\share\interpreter\linkResolver.cpp, line 773]
Event: 23.883 Thread 0x000001a0f490b960 Exception <a 'sun/nio/fs/WindowsException'{0x00000000d5bc1c98}> (0x00000000d5bc1c98) 
thrown [s\src\hotspot\share\prims\jni.cpp, line 520]
Event: 23.883 Thread 0x000001a0f490b960 Exception <a 'sun/nio/fs/WindowsException'{0x00000000d5bc2078}> (0x00000000d5bc2078) 
thrown [s\src\hotspot\share\prims\jni.cpp, line 520]

ZGC Phase Switch (0 events):
No events

VM Operations (20 events):
Event: 20.357 Executing safepoint VM operation: Cleanup
Event: 20.357 Executing safepoint VM operation: Cleanup done
Event: 20.772 Executing safepoint VM operation: ParallelGCFailedAllocation (Allocation Failure)
Event: 20.774 Executing safepoint VM operation: ParallelGCFailedAllocation (Allocation Failure) done
Event: 21.781 Executing safepoint VM operation: Cleanup
Event: 21.781 Executing safepoint VM operation: Cleanup done
Event: 21.979 Executing safepoint VM operation: ParallelGCFailedAllocation (Allocation Failure)
Event: 21.981 Executing safepoint VM operation: ParallelGCFailedAllocation (Allocation Failure) done
Event: 22.121 Executing non-safepoint VM operation: HandshakeAllThreads (Deoptimize)
Event: 22.121 Executing non-safepoint VM operation: HandshakeAllThreads (Deoptimize) done
Event: 22.555 Executing safepoint VM operation: ParallelGCFailedAllocation (Allocation Failure)
Event: 22.557 Executing safepoint VM operation: ParallelGCFailedAllocation (Allocation Failure) done
Event: 22.568 Executing non-safepoint VM operation: HandshakeAllThreads (Deoptimize)
Event: 22.568 Executing non-safepoint VM operation: HandshakeAllThreads (Deoptimize) done
Event: 23.018 Executing safepoint VM operation: ParallelGCFailedAllocation (Allocation Failure)
Event: 23.021 Executing safepoint VM operation: ParallelGCFailedAllocation (Allocation Failure) done
Event: 23.618 Executing safepoint VM operation: ICBufferFull
Event: 23.618 Executing safepoint VM operation: ICBufferFull done
Event: 23.832 Executing safepoint VM operation: ParallelGCFailedAllocation (Allocation Failure)
Event: 23.836 Executing safepoint VM operation: ParallelGCFailedAllocation (Allocation Failure) done

Memory protections (0 events):
No events

Nmethod flushes (20 events):
Event: 15.872 Thread 0x000001a0d2e5eb40 flushing  nmethod 0x000001a0d89e0110
Event: 15.872 Thread 0x000001a0d2e5eb40 flushing  nmethod 0x000001a0d89e1990
Event: 15.872 Thread 0x000001a0d2e5eb40 flushing  nmethod 0x000001a0d89fd310
Event: 15.872 Thread 0x000001a0d2e5eb40 flushing  nmethod 0x000001a0d8a8d910
Event: 15.872 Thread 0x000001a0d2e5eb40 flushing  nmethod 0x000001a0d8a90e10
Event: 15.872 Thread 0x000001a0d2e5eb40 flushing  nmethod 0x000001a0d8a92690
Event: 15.872 Thread 0x000001a0d2e5eb40 flushing  nmethod 0x000001a0d8a97310
Event: 15.872 Thread 0x000001a0d2e5eb40 flushing  nmethod 0x000001a0d8a97690
Event: 15.872 Thread 0x000001a0d2e5eb40 flushing  nmethod 0x000001a0d8a9c990
Event: 15.872 Thread 0x000001a0d2e5eb40 flushing  nmethod 0x000001a0d8ac0f90
Event: 15.872 Thread 0x000001a0d2e5eb40 flushing  nmethod 0x000001a0d8ac2910
Event: 15.872 Thread 0x000001a0d2e5eb40 flushing  nmethod 0x000001a0d8ac4190
Event: 15.872 Thread 0x000001a0d2e5eb40 flushing  nmethod 0x000001a0d8ac4790
Event: 15.872 Thread 0x000001a0d2e5eb40 flushing  nmethod 0x000001a0d8ac5010
Event: 15.872 Thread 0x000001a0d2e5eb40 flushing  nmethod 0x000001a0d8ac5710
Event: 15.872 Thread 0x000001a0d2e5eb40 flushing  nmethod 0x000001a0d8ac7e90
Event: 15.872 Thread 0x000001a0d2e5eb40 flushing  nmethod 0x000001a0d8adf010
Event: 15.872 Thread 0x000001a0d2e5eb40 flushing  nmethod 0x000001a0d8aebc10
Event: 15.872 Thread 0x000001a0d2e5eb40 flushing  nmethod 0x000001a0d8aece90
Event: 15.872 Thread 0x000001a0d2e5eb40 flushing  nmethod 0x000001a0d8aed790

Events (20 events):
Event: 15.284 Thread 0x000001a0f48575a0 Thread added: 0x000001a0f4909890
Event: 15.591 Thread 0x000001a0ecdfd000 Thread added: 0x000001a0f58a9930
Event: 16.245 Thread 0x000001a0f58a9930 Thread exited: 0x000001a0f58a9930
Event: 21.470 Thread 0x000001a0f490bff0 Thread exited: 0x000001a0f490bff0
Event: 21.876 Thread 0x000001a0ecdfd000 Thread added: 0x000001a0f20dcdd0
Event: 22.537 Thread 0x000001a0f20dcdd0 Thread exited: 0x000001a0f20dcdd0
Event: 22.841 Thread 0x000001a0f48575a0 Thread added: 0x000001a0f490b960
Event: 22.841 Thread 0x000001a0f48575a0 Thread added: 0x000001a0f490ac40
Event: 22.841 Thread 0x000001a0f48575a0 Thread added: 0x000001a0f4905d80
Event: 22.841 Thread 0x000001a0f48575a0 Thread added: 0x000001a0f49077c0
Event: 22.842 Thread 0x000001a0f48575a0 Thread added: 0x000001a0f49084e0
Event: 22.902 Thread 0x000001a0f49077c0 Thread exited: 0x000001a0f49077c0
Event: 22.902 Thread 0x000001a0f4905d80 Thread exited: 0x000001a0f4905d80
Event: 22.903 Thread 0x000001a0f490b960 Thread exited: 0x000001a0f490b960
Event: 22.903 Thread 0x000001a0f490ac40 Thread exited: 0x000001a0f490ac40
Event: 22.903 Thread 0x000001a0f49084e0 Thread exited: 0x000001a0f49084e0
Event: 23.235 Thread 0x000001a0f48575a0 Thread added: 0x000001a0f4907130
Event: 23.235 Thread 0x000001a0f48575a0 Thread added: 0x000001a0f490b960
Event: 23.235 Thread 0x000001a0f48575a0 Thread added: 0x000001a0f49084e0
Event: 23.235 Thread 0x000001a0f48575a0 Thread added: 0x000001a0f49077c0


Dynamic libraries:
0x00007ff76b9d0000 - 0x00007ff76b9de000 	c:\Users\Javier\.vscode\extensions\redhat.java-1.55.2026051309-win32-x64\jre\21.0.10-win32-x86_64\bin\java.exe
0x00007ffed5cd0000 - 0x00007ffed5ec8000 	C:\WINDOWS\SYSTEM32\ntdll.dll
0x00007ffed3ea0000 - 0x00007ffed3f62000 	C:\WINDOWS\System32\KERNEL32.DLL
0x00007ffed37d0000 - 0x00007ffed3ac6000 	C:\WINDOWS\System32\KERNELBASE.dll
0x00007ffed33e0000 - 0x00007ffed34e0000 	C:\WINDOWS\System32\ucrtbase.dll
0x00007ffeadf30000 - 0x00007ffeadf48000 	c:\Users\Javier\.vscode\extensions\redhat.java-1.55.2026051309-win32-x64\jre\21.0.10-win32-x86_64\bin\jli.dll
0x00007ffeac2b0000 - 0x00007ffeac2ce000 	c:\Users\Javier\.vscode\extensions\redhat.java-1.55.2026051309-win32-x64\jre\21.0.10-win32-x86_64\bin\VCRUNTIME140.dll
0x00007ffed3cf0000 - 0x00007ffed3e91000 	C:\WINDOWS\System32\USER32.dll
0x00007ffed3750000 - 0x00007ffed3772000 	C:\WINDOWS\System32\win32u.dll
0x00007ffed47c0000 - 0x00007ffed47eb000 	C:\WINDOWS\System32\GDI32.dll
0x00007ffed3590000 - 0x00007ffed36a9000 	C:\WINDOWS\System32\gdi32full.dll
0x00007ffebd880000 - 0x00007ffebdb1b000 	C:\WINDOWS\WinSxS\amd64_microsoft.windows.common-controls_6595b64144ccf1df_6.0.19041.6456_none_60b8a6cb71f64256\COMCTL32.dll
0x00007ffed36b0000 - 0x00007ffed374d000 	C:\WINDOWS\System32\msvcp_win.dll
0x00007ffed5770000 - 0x00007ffed580e000 	C:\WINDOWS\System32\msvcrt.dll
0x00007ffed54c0000 - 0x00007ffed54ef000 	C:\WINDOWS\System32\IMM32.DLL
0x00007ffeb7920000 - 0x00007ffeb792c000 	c:\Users\Javier\.vscode\extensions\redhat.java-1.55.2026051309-win32-x64\jre\21.0.10-win32-x86_64\bin\vcruntime140_1.dll
0x00007ffe68e10000 - 0x00007ffe68e9d000 	c:\Users\Javier\.vscode\extensions\redhat.java-1.55.2026051309-win32-x64\jre\21.0.10-win32-x86_64\bin\msvcp140.dll
0x00007ffe13fd0000 - 0x00007ffe14d71000 	c:\Users\Javier\.vscode\extensions\redhat.java-1.55.2026051309-win32-x64\jre\21.0.10-win32-x86_64\bin\server\jvm.dll
0x00007ffed58f0000 - 0x00007ffed59a1000 	C:\WINDOWS\System32\ADVAPI32.dll
0x00007ffed4e80000 - 0x00007ffed4f1f000 	C:\WINDOWS\System32\sechost.dll
0x00007ffed5b70000 - 0x00007ffed5c90000 	C:\WINDOWS\System32\RPCRT4.dll
0x00007ffed3b60000 - 0x00007ffed3b87000 	C:\WINDOWS\System32\bcrypt.dll
0x00007ffed5630000 - 0x00007ffed569b000 	C:\WINDOWS\System32\WS2_32.dll
0x00007ffed28f0000 - 0x00007ffed293b000 	C:\WINDOWS\SYSTEM32\POWRPROF.dll
0x00007ffec8920000 - 0x00007ffec8947000 	C:\WINDOWS\SYSTEM32\WINMM.dll
0x00007ffecbab0000 - 0x00007ffecbaba000 	C:\WINDOWS\SYSTEM32\VERSION.dll
0x00007ffed2760000 - 0x00007ffed2772000 	C:\WINDOWS\SYSTEM32\UMPDC.dll
0x00007ffed1090000 - 0x00007ffed10a2000 	C:\WINDOWS\SYSTEM32\kernel.appcore.dll
0x00007ffe9e7f0000 - 0x00007ffe9e7fa000 	c:\Users\Javier\.vscode\extensions\redhat.java-1.55.2026051309-win32-x64\jre\21.0.10-win32-x86_64\bin\jimage.dll
0x00007ffec9c40000 - 0x00007ffec9e41000 	C:\WINDOWS\SYSTEM32\DBGHELP.DLL
0x00007ffeba260000 - 0x00007ffeba294000 	C:\WINDOWS\SYSTEM32\dbgcore.DLL
0x00007ffed3ad0000 - 0x00007ffed3b52000 	C:\WINDOWS\System32\bcryptPrimitives.dll
0x00007ffe9e330000 - 0x00007ffe9e33f000 	c:\Users\Javier\.vscode\extensions\redhat.java-1.55.2026051309-win32-x64\jre\21.0.10-win32-x86_64\bin\instrument.dll
0x00007ffe786e0000 - 0x00007ffe78700000 	c:\Users\Javier\.vscode\extensions\redhat.java-1.55.2026051309-win32-x64\jre\21.0.10-win32-x86_64\bin\java.dll
0x00007ffe6a290000 - 0x00007ffe6a2a8000 	c:\Users\Javier\.vscode\extensions\redhat.java-1.55.2026051309-win32-x64\jre\21.0.10-win32-x86_64\bin\zip.dll
0x00007ffed4050000 - 0x00007ffed47c0000 	C:\WINDOWS\System32\SHELL32.dll
0x00007ffed1370000 - 0x00007ffed1b15000 	C:\WINDOWS\SYSTEM32\windows.storage.dll
0x00007ffed5050000 - 0x00007ffed53a4000 	C:\WINDOWS\System32\combase.dll
0x00007ffed2d90000 - 0x00007ffed2dbb000 	C:\WINDOWS\SYSTEM32\Wldp.dll
0x00007ffed56a0000 - 0x00007ffed576d000 	C:\WINDOWS\System32\OLEAUT32.dll
0x00007ffed4db0000 - 0x00007ffed4e5d000 	C:\WINDOWS\System32\SHCORE.dll
0x00007ffed5810000 - 0x00007ffed586b000 	C:\WINDOWS\System32\shlwapi.dll
0x00007ffed3290000 - 0x00007ffed32b4000 	C:\WINDOWS\SYSTEM32\profapi.dll
0x00007ffe9bf70000 - 0x00007ffe9bf80000 	C:\Users\Javier\.vscode\extensions\redhat.java-1.55.2026051309-win32-x64\jre\21.0.10-win32-x86_64\bin\net.dll
0x00007ffecbda0000 - 0x00007ffecbeaa000 	C:\WINDOWS\SYSTEM32\WINHTTP.dll
0x00007ffed2af0000 - 0x00007ffed2b5a000 	C:\WINDOWS\system32\mswsock.dll
0x00007ffe6a120000 - 0x00007ffe6a136000 	C:\Users\Javier\.vscode\extensions\redhat.java-1.55.2026051309-win32-x64\jre\21.0.10-win32-x86_64\bin\nio.dll
0x00007ffe9a690000 - 0x00007ffe9a6a0000 	c:\Users\Javier\.vscode\extensions\redhat.java-1.55.2026051309-win32-x64\jre\21.0.10-win32-x86_64\bin\verify.dll
0x00007ffe68ca0000 - 0x00007ffe68ce5000 	C:\Users\Javier\AppData\Roaming\Code\User\globalStorage\redhat.java\1.55.2026051309\config_win\org.eclipse.equinox.launcher\org.eclipse.equinox.launcher.win32.win32.x86_64_1.3.0.v20260203-2149\eclipse_11919.dll
0x00007ffed4f20000 - 0x00007ffed504b000 	C:\WINDOWS\System32\ole32.dll
0x00007ffe9e440000 - 0x00007ffe9e44a000 	C:\Users\Javier\.vscode\extensions\redhat.java-1.55.2026051309-win32-x64\jre\21.0.10-win32-x86_64\bin\management.dll
0x00007ffe9e430000 - 0x00007ffe9e43c000 	C:\Users\Javier\.vscode\extensions\redhat.java-1.55.2026051309-win32-x64\jre\21.0.10-win32-x86_64\bin\management_ext.dll
0x00007ffed5b60000 - 0x00007ffed5b68000 	C:\WINDOWS\System32\PSAPI.DLL
0x00007ffed2ce0000 - 0x00007ffed2cf8000 	C:\WINDOWS\SYSTEM32\CRYPTSP.dll
0x00007ffed23a0000 - 0x00007ffed23d8000 	C:\WINDOWS\system32\rsaenh.dll
0x00007ffed3250000 - 0x00007ffed327e000 	C:\WINDOWS\SYSTEM32\USERENV.dll
0x00007ffed2d00000 - 0x00007ffed2d0c000 	C:\WINDOWS\SYSTEM32\CRYPTBASE.dll
0x00007ffed2780000 - 0x00007ffed27bb000 	C:\WINDOWS\SYSTEM32\IPHLPAPI.DLL
0x00007ffed4e60000 - 0x00007ffed4e68000 	C:\WINDOWS\System32\NSI.dll
0x00007ffe59af0000 - 0x00007ffe59b39000 	C:\Users\Javier\AppData\Local\Temp\jna--2083209097\jna11343083684543586709.dll
0x00007ffecb150000 - 0x00007ffecb167000 	C:\WINDOWS\SYSTEM32\dhcpcsvc6.DLL
0x00007ffecb3b0000 - 0x00007ffecb3cd000 	C:\WINDOWS\SYSTEM32\dhcpcsvc.DLL
0x00007ffe78a70000 - 0x00007ffe78a7e000 	C:\Users\Javier\.vscode\extensions\redhat.java-1.55.2026051309-win32-x64\jre\21.0.10-win32-x86_64\bin\sunmscapi.dll
0x00007ffed3b90000 - 0x00007ffed3ced000 	C:\WINDOWS\System32\CRYPT32.dll
0x00007ffed2e00000 - 0x00007ffed2e27000 	C:\WINDOWS\SYSTEM32\ncrypt.dll
0x00007ffed2dc0000 - 0x00007ffed2dfb000 	C:\WINDOWS\SYSTEM32\NTASN1.dll
0x00007ffed27c0000 - 0x00007ffed288a000 	C:\WINDOWS\SYSTEM32\DNSAPI.dll
0x00007ffebc490000 - 0x00007ffebc49a000 	C:\Windows\System32\rasadhlp.dll
0x00007ffebc6a0000 - 0x00007ffebc720000 	C:\WINDOWS\System32\fwpuclnt.dll
0x00007ffe78990000 - 0x00007ffe78999000 	C:\Users\Javier\.vscode\extensions\redhat.java-1.55.2026051309-win32-x64\jre\21.0.10-win32-x86_64\bin\extnet.dll

JVMTI agents:
c:\Users\Javier\.vscode\extensions\redhat.java-1.55.2026051309-win32-x64\lombok\lombok-1.18.39-4050.jar path:c:\Users\Javier\.vscode\extensions\redhat.java-1.55.2026051309-win32-x64\jre\21.0.10-win32-x86_64\bin\instrument.dll, loaded, initialized, instrumentlib options:none

dbghelp: loaded successfully - version: 4.0.5 - missing functions: none
symbol engine: initialized successfully - sym options: 0x614 - pdb path: .;c:\Users\Javier\.vscode\extensions\redhat.java-1.55.2026051309-win32-x64\jre\21.0.10-win32-x86_64\bin;C:\WINDOWS\SYSTEM32;C:\WINDOWS\WinSxS\amd64_microsoft.windows.common-controls_6595b64144ccf1df_6.0.19041.6456_none_60b8a6cb71f64256;c:\Users\Javier\.vscode\extensions\redhat.java-1.55.2026051309-win32-x64\jre\21.0.10-win32-x86_64\bin\server;C:\Users\Javier\AppData\Roaming\Code\User\globalStorage\redhat.java\1.55.2026051309\config_win\org.eclipse.equinox.launcher\org.eclipse.equinox.launcher.win32.win32.x86_64_1.3.0.v20260203-2149;C:\Users\Javier\AppData\Local\Temp\jna--2083209097

VM Arguments:
jvm_args: --add-modules=ALL-SYSTEM --add-opens=java.base/java.util=ALL-UNNAMED --add-opens=java.base/java.lang=ALL-UNNAMED --add-opens=java.base/sun.nio.fs=ALL-UNNAMED -Declipse.application=org.eclipse.jdt.ls.core.id1 -Dosgi.bundles.defaultStartLevel=4 -Declipse.product=org.eclipse.jdt.ls.core.product -Djava.import.generatesMetadataFilesAtProjectRoot=false -DDetectVMInstallationsJob.disabled=true -Dfile.encoding=utf8 -XX:+UseParallelGC -XX:GCTimeRatio=4 -XX:AdaptiveSizePolicyWeight=90 -Dsun.zip.disableMemoryMapping=true -Xmx2G -Xms100m -Xlog:disable -javaagent:c:\Users\Javier\.vscode\extensions\redhat.java-1.55.2026051309-win32-x64\lombok\lombok-1.18.39-4050.jar -XX:+HeapDumpOnOutOfMemoryError -XX:HeapDumpPath=c:\Users\Javier\AppData\Roaming\Code\User\workspaceStorage\1d285cff516233e62114505ffd8a9d31\redhat.java -Daether.dependencyCollector.impl=bf -XX:+UnlockDiagnosticVMOptions -XX:+AllowArchivingWithJavaAgent -XX:+AutoCreateSharedArchive -XX:SharedArchiveFile=c:\Users\Javier\AppData\Roaming\Code\User\globalStorage\redhat.java\1.55.2026051309\jdtls.jsa 
java_command: c:\Users\Javier\.vscode\extensions\redhat.java-1.55.2026051309-win32-x64\server\plugins\org.eclipse.equinox.launcher_1.7.100.v20251111-0406.jar -configuration c:\Users\Javier\AppData\Roaming\Code\User\globalStorage\redhat.java\1.55.2026051309\config_win -data c:\Users\Javier\AppData\Roaming\Code\User\workspaceStorage\1d285cff516233e62114505ffd8a9d31\redhat.java\jdt_ws --pipe=\\.\pipe\lsp-b6274f762f5874c2609ac38ce5d0b271-sock
java_class_path (initial): c:\Users\Javier\.vscode\extensions\redhat.java-1.55.2026051309-win32-x64\server\plugins\org.eclipse.equinox.launcher_1.7.100.v20251111-0406.jar
Launcher Type: SUN_STANDARD

[Global flags]
    uintx AdaptiveSizePolicyWeight                 = 90                                        {product} {command line}
     bool AllowArchivingWithJavaAgent              = true                             {JVMCI diagnostic} {command line}
     bool AutoCreateSharedArchive                  = true                                {JVMCI product} {command line}
     intx CICompilerCount                          = 4                                         {product} {ergonomic}
    uintx GCTimeRatio                              = 4                                         {product} {command line}
     bool HeapDumpOnOutOfMemoryError               = true                                   {manageable} {command line}
    ccstr HeapDumpPath                             = c:\Users\Javier\AppData\Roaming\Code\User\workspaceStorage\1d285cff516233e62114505ffd8a9d31\redhat.java         {manageable} {command line}
   size_t InitialHeapSize                          = 104857600                                 {product} {command line}
   size_t MaxHeapSize                              = 2147483648                                {product} {command line}
   size_t MaxNewSize                               = 715653120                                 {product} {ergonomic}
   size_t MinHeapDeltaBytes                        = 524288                                    {product} {ergonomic}
   size_t MinHeapSize                              = 104857600                                 {product} {command line}
   size_t NewSize                                  = 34603008                                  {product} {ergonomic}
    uintx NonNMethodCodeHeapSize                   = 5839372                                {pd product} {ergonomic}
    uintx NonProfiledCodeHeapSize                  = 122909434                              {pd product} {ergonomic}
   size_t OldSize                                  = 70254592                                  {product} {ergonomic}
    uintx ProfiledCodeHeapSize                     = 122909434                              {pd product} {ergonomic}
    uintx ReservedCodeCacheSize                    = 251658240                              {pd product} {ergonomic}
     bool SegmentedCodeCache                       = true                                      {product} {ergonomic}
    ccstr SharedArchiveFile                        =                                     {JVMCI product} {command line}
   size_t SoftMaxHeapSize                          = 2147483648                             {manageable} {ergonomic}
     bool UnlockDiagnosticVMOptions                = true                                   {diagnostic} {command line}
     bool UseCompressedOops                        = true                           {product lp64_product} {ergonomic}
     bool UseLargePagesIndividualAllocation        = false                                  {pd product} {ergonomic}
     bool UseParallelGC                            = true                                      {product} {command line}

Logging:
Log output configuration:
 #0: stdout all=off uptime,level,tags foldmultilines=false
 #1: stderr all=off uptime,level,tags foldmultilines=false

Release file:
JAVA_VERSION="21.0.10" 
MODULES="java.base java.compiler java.datatransfer java.xml java.prefs java.desktop java.instrument java.logging java.management java.security.sasl java.naming java.rmi java.management.rmi java.net.http java.scripting java.security.jgss java.transaction.xa java.sql java.sql.rowset java.xml.crypto java.se java.smartcardio jdk.accessibility jdk.internal.jvmstat jdk.attach jdk.charsets jdk.internal.opt jdk.zipfs jdk.compiler jdk.crypto.ec jdk.crypto.cryptoki jdk.crypto.mscapi jdk.dynalink jdk.internal.ed jdk.editpad jdk.hotspot.agent jdk.httpserver jdk.internal.le jdk.internal.vm.ci jdk.internal.vm.compiler jdk.internal.vm.compiler.management jdk.jartool jdk.javadoc jdk.jcmd jdk.management jdk.management.agent jdk.jconsole jdk.jdeps jdk.jdwp.agent jdk.jdi jdk.jfr jdk.jshell jdk.jsobject jdk.jstatd jdk.localedata jdk.management.jfr jdk.naming.dns jdk.naming.rmi jdk.net jdk.nio.mapmode jdk.random jdk.sctp jdk.security.auth jdk.security.jgss jdk.unsupported jdk.unsupported.desktop jdk.xml.dom" 

Environment Variables:
PATH=C:\Users\Javier\AppData\Local\Programs\Microsoft VS Code;C:\Users\Javier\Desktop\apache-maven-3.9.15\bin;C:\Program Files\Common Files\Oracle\Java\javapath;C:\Program Files (x86)\Common Files\Oracle\Java\javapath;C:\WINDOWS\system32;C:\WINDOWS;C:\WINDOWS\System32\Wbem;C:\WINDOWS\System32\WindowsPowerShell\v1.0\;C:\WINDOWS\System32\OpenSSH\;C:\Program Files (x86)\NVIDIA Corporation\PhysX\Common;C:\Program Files\dotnet\;C:\Program Files\NVIDIA Corporation\NVIDIA App\NvDLISR;C:\Program Files (x86)\ZeroTier\One\;C:\Users\Javier\scoop\shims;C:\Users\Javier\AppData\Local\Microsoft\WindowsApps;C:\Users\Javier\.dotnet\tools;C:\Users\Javier\AppData\Local\Programs\Microsoft VS Code\bin;C:\Users\Javier\AppData\Local\GitHubDesktop\bin;C:\Users\Javier\AppData\Local\Programs\Antigravity\bin
USERNAME=Javier
OS=Windows_NT
PROCESSOR_IDENTIFIER=AMD64 Family 23 Model 96 Stepping 1, AuthenticAMD
TMP=C:\Users\Javier\AppData\Local\Temp
TEMP=C:\Users\Javier\AppData\Local\Temp




Periodic native trim disabled

---------------  S Y S T E M  ---------------

OS:
 Windows 10 , 64 bit Build 19041 (10.0.19041.5915)
OS uptime: 0 days 1:40 hours

CPU: total 12 (initial active 12) (12 cores per cpu, 2 threads per core) family 23 model 96 stepping 1 microcode 0x0, cx8, cmov, fxsr, ht, mmx, 3dnowpref, sse, sse2, sse3, ssse3, sse4a, sse4.1, sse4.2, popcnt, lzcnt, tsc, tscinvbit, avx, avx2, aes, clmul, bmi1, bmi2, adx, sha, fma, vzeroupper, clflush, clflushopt, rdtscp, rdpid, f16c
Processor Information for the first 12 processors :
  Max Mhz: 3000, Current Mhz: 3000, Mhz Limit: 3000

Memory: 4k page, system-wide physical 7541M (95M free)
TotalPageFile size 22222M (AvailPageFile size 2M)
current process WorkingSet (physical memory assigned to process): 243M, peak: 247M
current process commit charge ("private bytes"): 360M, peak: 361M

vm_info: OpenJDK 64-Bit Server VM (21.0.10+7-LTS) for windows-amd64 JRE (21.0.10+7-LTS), built on 2026-01-20T00:00:00Z by "admin" with MS VC++ 17.12 (VS2022)

END.
